[11:38:06] Can't kekulize mol.  Unkekulized atoms: 3 6 7 8 9 11 13 15 16 17 18 21 24 25 26
[11:38:06] ERROR: Could not sanitize molecule ending on line 63
[11:38:06] ERROR: Can't kekulize mol.  Unkekulized atoms: 3 6 7 8 9 11 13 15 16 17 18 21 24 25 26
[11:38:06] Can't kekulize mol.  Unkekulized atoms: 0 2 3 5 6 7 8 9 10
[11:38:06] ERROR: Could not sanitize molecule ending on line 35
[11:38:06] ERROR: Can't kekulize mol.  Unkekulized atoms: 0 2 3 5 6 7 8 9 10
[11:38:06] Explicit valence for atom # 25 C, 5, is greater than permitted
[11:38:06] ERROR: Could not sanitize molecule ending on line 67
[11:38:06] ERROR: Explicit valence for atom # 25 C, 5, is greater than permitted
[11:38:06] Can't kekulize mol.  Unkekulized atoms: 0 5 6 8 13 14 16 18 19 20 21
[11:38:06] ERROR: Could not sanitize molecule ending on line 52
[11:38:06] ERROR: Can't kekulize mol.  Unkekulized atoms: 0 5 6 8 13 14 16 18 19 20 21
[11:38:06] Can't kekulize mol.  Unkekulized atoms: 1 4 6 9 11 18 19 21 23
[11:38:06] ERROR: Could not sanitize molecule ending on line 64
[11:38:06] ERROR: Can't kekulize mol.  Unkekulized atoms: 1 4 6 9 11 18 19 21 23
[11:38:06] Explicit valence for atom # 10 O, 3, is greater than permitted
[11:38:06] ERROR: Could not sanitize molecule ending on line 74
[11:38:06] ERROR: Explicit valence for atom # 10 O, 3, is greater than permitted
[11:38:06] Explicit valence for atom # 23 N, 4, is greater than permitted
[11:38:06] ERROR: Could not sanitize molecule ending on line 81
[11:38:06] ERROR: Explicit valence for atom # 23 N, 4, is greater than permitted
[11:38:06] Explicit valence for atom # 3 C, 5, is greater than permitted
[11:38:06] ERROR: Could not sanitize molecule ending on line 68
[11:38:06] ERROR: Explicit valence for atom # 3 C, 5, is greater than permitted
[11:38:06] Explicit valence for atom # 5 C, 5, is greater than permitted
[11:38:06] ERROR: Could not sanitize molecule ending on line 78
[11:38:06] ERROR: Explicit valence for atom # 5 C, 5, is greater than permitted
[11:38:06] Can't kekulize mol.  Unkekulized atoms: 0 3 5 6 7 9 13 16 17 20
[11:38:06] ERROR: Could not sanitize molecule ending on line 73
[11:38:06] ERROR: Can't kekulize mol.  Unkekulized atoms: 0 3 5 6 7 9 13 16 17 20
[11:38:06] Can't kekulize mol.  Unkekulized atoms: 0 1 2 3 6 7 9 11 12 15 16 18 19
[11:38:06] ERROR: Could not sanitize molecule ending on line 47
[11:38:06] ERROR: Can't kekulize mol.  Unkekulized atoms: 0 1 2 3 6 7 9 11 12 15 16 18 19
[11:38:06] Can't kekulize mol.  Unkekulized atoms: 3 4 5 6 7 8 10 12 14 15 16 17 18
[11:38:06] ERROR: Could not sanitize molecule ending on line 45
[11:38:06] ERROR: Can't kekulize mol.  Unkekulized atoms: 3 4 5 6 7 8 10 12 14 15 16 17 18
[11:38:06] Can't kekulize mol.  Unkekulized atoms: 0 1 2 3 5 8 13 15 16 18 19
[11:38:06] ERROR: Could not sanitize molecule ending on line 51
[11:38:06] ERROR: Can't kekulize mol.  Unkekulized atoms: 0 1 2 3 5 8 13 15 16 18 19
[11:38:06] Can't kekulize mol.  Unkekulized atoms: 13 16 21 24 38
[11:38:06] ERROR: Could not sanitize molecule ending on line 92
[11:38:06] ERROR: Can't kekulize mol.  Unkekulized atoms: 13 16 21 24 38
[11:38:07] Can't kekulize mol.  Unkekulized atoms: 2 5 7 10 13 20 24
[11:38:07] ERROR: Could not sanitize molecule ending on line 62
[11:38:07] ERROR: Can't kekulize mol.  Unkekulized atoms: 2 5 7 10 13 20 24
[11:38:07] Can't kekulize mol.  Unkekulized atoms: 0 1 2 3 6 7 8 9 11 12 13 14 15 16 17
[11:38:07] ERROR: Could not sanitize molecule ending on line 44
[11:38:07] ERROR: Can't kekulize mol.  Unkekulized atoms: 0 1 2 3 6 7 8 9 11 12 13 14 15 16 17
[11:38:07] Can't kekulize mol.  Unkekulized atoms: 0 2 4 7 8 9 15 16 17
[11:38:07] ERROR: Could not sanitize molecule ending on line 45
[11:38:07] ERROR: Can't kekulize mol.  Unkekulized atoms: 0 2 4 7 8 9 15 16 17
[11:38:07] Explicit valence for atom # 22 P, 6, is greater than permitted
[11:38:07] ERROR: Could not sanitize molecule ending on line 70
[11:38:07] ERROR: Explicit valence for atom # 22 P, 6, is greater than permitted
[11:38:07] Can't kekulize mol.  Unkekulized atoms: 0 17 18
[11:38:07] ERROR: Could not sanitize molecule ending on line 58
[11:38:07] ERROR: Can't kekulize mol.  Unkekulized atoms: 0 17 18
[11:38:07] Can't kekulize mol.  Unkekulized atoms: 0 1 2 3 4 5 6 7 10 12 13 16 19 21 25 26 29 30 32 34 36 38
[11:38:07] ERROR: Could not sanitize molecule ending on line 89
[11:38:07] ERROR: Can't kekulize mol.  Unkekulized atoms: 0 1 2 3 4 5 6 7 10 12 13 16 19 21 25 26 29 30 32 34 36 38
[11:38:07] Explicit valence for atom # 2 O, 3, is greater than permitted
[11:38:07] ERROR: Could not sanitize molecule ending on line 75
[11:38:07] ERROR: Explicit valence for atom # 2 O, 3, is greater than permitted
[11:38:07] Can't kekulize mol.  Unkekulized atoms: 4 6 9 15 21
[11:38:07] ERROR: Could not sanitize molecule ending on line 52
[11:38:07] ERROR: Can't kekulize mol.  Unkekulized atoms: 4 6 9 15 21
[11:38:07] Can't kekulize mol.  Unkekulized atoms: 1 3 4 5 10 16 18 25 26 27 29
[11:38:07] ERROR: Could not sanitize molecule ending on line 69
[11:38:07] ERROR: Can't kekulize mol.  Unkekulized atoms: 1 3 4 5 10 16 18 25 26 27 29
[11:38:07] Explicit valence for atom # 7 N, 6, is greater than permitted
[11:38:07] ERROR: Could not sanitize molecule ending on line 56
[11:38:07] ERROR: Explicit valence for atom # 7 N, 6, is greater than permitted
[11:38:07] Explicit valence for atom # 2 N, 4, is greater than permitted
[11:38:07] ERROR: Could not sanitize molecule ending on line 80
[11:38:07] ERROR: Explicit valence for atom # 2 N, 4, is greater than permitted
[11:38:07] Explicit valence for atom # 16 Cl, 2, is greater than permitted
[11:38:07] ERROR: Could not sanitize molecule ending on line 69
[11:38:07] ERROR: Explicit valence for atom # 16 Cl, 2, is greater than permitted
[11:38:07] Can't kekulize mol.  Unkekulized atoms: 5 6 8 9 11 15 17
[11:38:07] ERROR: Could not sanitize molecule ending on line 43
[11:38:07] ERROR: Can't kekulize mol.  Unkekulized atoms: 5 6 8 9 11 15 17
[11:38:07] Explicit valence for atom # 5 O, 3, is greater than permitted
[11:38:07] ERROR: Could not sanitize molecule ending on line 95
[11:38:07] ERROR: Explicit valence for atom # 5 O, 3, is greater than permitted
[11:38:07] Can't kekulize mol.  Unkekulized atoms: 1 5 11 12 13 14 15 17 20
[11:38:07] ERROR: Could not sanitize molecule ending on line 56
[11:38:07] ERROR: Can't kekulize mol.  Unkekulized atoms: 1 5 11 12 13 14 15 17 20
[11:38:07] Can't kekulize mol.  Unkekulized atoms: 0 2 5 7 9 10 13
[11:38:07] ERROR: Could not sanitize molecule ending on line 43
[11:38:07] ERROR: Can't kekulize mol.  Unkekulized atoms: 0 2 5 7 9 10 13
[11:38:07] Can't kekulize mol.  Unkekulized atoms: 1 6 12 15 23
[11:38:07] ERROR: Could not sanitize molecule ending on line 69
[11:38:07] ERROR: Can't kekulize mol.  Unkekulized atoms: 1 6 12 15 23
[11:38:07] Can't kekulize mol.  Unkekulized atoms: 1 3 8 12 13
[11:38:07] ERROR: Could not sanitize molecule ending on line 36
[11:38:07] ERROR: Can't kekulize mol.  Unkekulized atoms: 1 3 8 12 13
[11:38:07] Explicit valence for atom # 14 O, 3, is greater than permitted
[11:38:07] ERROR: Could not sanitize molecule ending on line 48
[11:38:07] ERROR: Explicit valence for atom # 14 O, 3, is greater than permitted
[11:38:07] Explicit valence for atom # 16 O, 3, is greater than permitted
[11:38:07] ERROR: Could not sanitize molecule ending on line 50
[11:38:07] ERROR: Explicit valence for atom # 16 O, 3, is greater than permitted
[11:38:07] Can't kekulize mol.  Unkekulized atoms: 0 3 5 6 8 10 11 12 15 16 17 19 21 22
[11:38:07] ERROR: Could not sanitize molecule ending on line 56
[11:38:07] ERROR: Can't kekulize mol.  Unkekulized atoms: 0 3 5 6 8 10 11 12 15 16 17 19 21 22
[11:38:07] Explicit valence for atom # 0 O, 3, is greater than permitted
[11:38:07] ERROR: Could not sanitize molecule ending on line 64
[11:38:07] ERROR: Explicit valence for atom # 0 O, 3, is greater than permitted
[11:38:07] Can't kekulize mol.  Unkekulized atoms: 3 5 11 12 21
[11:38:07] ERROR: Could not sanitize molecule ending on line 54
[11:38:07] ERROR: Can't kekulize mol.  Unkekulized atoms: 3 5 11 12 21
[11:38:07] Explicit valence for atom # 3 C, 5, is greater than permitted
[11:38:07] ERROR: Could not sanitize molecule ending on line 32
[11:38:07] ERROR: Explicit valence for atom # 3 C, 5, is greater than permitted
[11:38:08] Can't kekulize mol.  Unkekulized atoms: 7 11 15 17 20
[11:38:08] ERROR: Could not sanitize molecule ending on line 55
[11:38:08] ERROR: Can't kekulize mol.  Unkekulized atoms: 7 11 15 17 20
[11:38:08] Can't kekulize mol.  Unkekulized atoms: 0 8 10 15 18 21 28
[11:38:08] ERROR: Could not sanitize molecule ending on line 71
[11:38:08] ERROR: Can't kekulize mol.  Unkekulized atoms: 0 8 10 15 18 21 28
[11:38:08] Can't kekulize mol.  Unkekulized atoms: 5 6 11 15 17
[11:38:08] ERROR: Could not sanitize molecule ending on line 42
[11:38:08] ERROR: Can't kekulize mol.  Unkekulized atoms: 5 6 11 15 17
[11:38:08] Can't kekulize mol.  Unkekulized atoms: 0 12 16 22
[11:38:08] ERROR: Could not sanitize molecule ending on line 67
[11:38:08] ERROR: Can't kekulize mol.  Unkekulized atoms: 0 12 16 22
[11:38:08] Can't kekulize mol.  Unkekulized atoms: 6 7 8 11 16 22 30 32 40
[11:38:08] ERROR: Could not sanitize molecule ending on line 92
[11:38:08] ERROR: Can't kekulize mol.  Unkekulized atoms: 6 7 8 11 16 22 30 32 40
[11:38:08] Can't kekulize mol.  Unkekulized atoms: 2 4 8 10 25
[11:38:08] ERROR: Could not sanitize molecule ending on line 61
[11:38:08] ERROR: Can't kekulize mol.  Unkekulized atoms: 2 4 8 10 25
[11:38:08] Can't kekulize mol.  Unkekulized atoms: 4 6 7 11 19 20 22
[11:38:08] ERROR: Could not sanitize molecule ending on line 61
[11:38:08] ERROR: Can't kekulize mol.  Unkekulized atoms: 4 6 7 11 19 20 22
[11:38:08] Explicit valence for atom # 0 O, 3, is greater than permitted
[11:38:08] ERROR: Could not sanitize molecule ending on line 60
[11:38:08] ERROR: Explicit valence for atom # 0 O, 3, is greater than permitted
[11:38:08] Can't kekulize mol.  Unkekulized atoms: 0 1 4 5 6 9 13 14 19
[11:38:08] ERROR: Could not sanitize molecule ending on line 48
[11:38:08] ERROR: Can't kekulize mol.  Unkekulized atoms: 0 1 4 5 6 9 13 14 19
[11:38:08] Can't kekulize mol.  Unkekulized atoms: 2 7 9 10 12
[11:38:08] ERROR: Could not sanitize molecule ending on line 31
[11:38:08] ERROR: Can't kekulize mol.  Unkekulized atoms: 2 7 9 10 12
[11:38:08] Explicit valence for atom # 13 C, 5, is greater than permitted
[11:38:08] ERROR: Could not sanitize molecule ending on line 68
[11:38:08] ERROR: Explicit valence for atom # 13 C, 5, is greater than permitted
[11:38:08] Explicit valence for atom # 13 C, 5, is greater than permitted
[11:38:08] ERROR: Could not sanitize molecule ending on line 53
[11:38:08] ERROR: Explicit valence for atom # 13 C, 5, is greater than permitted
[11:38:08] Can't kekulize mol.  Unkekulized atoms: 6 9 17 27 31
[11:38:08] ERROR: Could not sanitize molecule ending on line 81
[11:38:08] ERROR: Can't kekulize mol.  Unkekulized atoms: 6 9 17 27 31
[11:38:08] Can't kekulize mol.  Unkekulized atoms: 0 1 3 6 13 14 16 17 19 20
[11:38:08] ERROR: Could not sanitize molecule ending on line 50
[11:38:08] ERROR: Can't kekulize mol.  Unkekulized atoms: 0 1 3 6 13 14 16 17 19 20
[11:38:08] Can't kekulize mol.  Unkekulized atoms: 0 10 12 18 20 22 28
[11:38:08] ERROR: Could not sanitize molecule ending on line 71
[11:38:08] ERROR: Can't kekulize mol.  Unkekulized atoms: 0 10 12 18 20 22 28
[11:38:08] Can't kekulize mol.  Unkekulized atoms: 14 15 23 30 33
[11:38:08] ERROR: Could not sanitize molecule ending on line 75
[11:38:08] ERROR: Can't kekulize mol.  Unkekulized atoms: 14 15 23 30 33
[11:38:08] Explicit valence for atom # 23 C, 5, is greater than permitted
[11:38:08] ERROR: Could not sanitize molecule ending on line 73
[11:38:08] ERROR: Explicit valence for atom # 23 C, 5, is greater than permitted
[11:38:08] Explicit valence for atom # 10 C, 5, is greater than permitted
[11:38:08] ERROR: Could not sanitize molecule ending on line 46
[11:38:08] ERROR: Explicit valence for atom # 10 C, 5, is greater than permitted
[11:38:08] Explicit valence for atom # 11 C, 5, is greater than permitted
[11:38:08] ERROR: Could not sanitize molecule ending on line 70
[11:38:08] ERROR: Explicit valence for atom # 11 C, 5, is greater than permitted
[11:38:08] Can't kekulize mol.  Unkekulized atoms: 1 5 8 11
[11:38:08] ERROR: Could not sanitize molecule ending on line 43
[11:38:08] ERROR: Can't kekulize mol.  Unkekulized atoms: 1 5 8 11
[11:38:08] Can't kekulize mol.  Unkekulized atoms: 0 2 5 6 9
[11:38:08] ERROR: Could not sanitize molecule ending on line 63
[11:38:08] ERROR: Can't kekulize mol.  Unkekulized atoms: 0 2 5 6 9
[11:38:08] Explicit valence for atom # 13 C, 5, is greater than permitted
[11:38:08] ERROR: Could not sanitize molecule ending on line 41
[11:38:08] ERROR: Explicit valence for atom # 13 C, 5, is greater than permitted
[11:38:08] Explicit valence for atom # 11 C, 5, is greater than permitted
[11:38:08] ERROR: Could not sanitize molecule ending on line 53
[11:38:08] ERROR: Explicit valence for atom # 11 C, 5, is greater than permitted
[11:38:08] Explicit valence for atom # 0 C, 5, is greater than permitted
[11:38:08] ERROR: Could not sanitize molecule ending on line 56
[11:38:08] ERROR: Explicit valence for atom # 0 C, 5, is greater than permitted
[11:38:08] Can't kekulize mol.  Unkekulized atoms: 1 9 23 25 27
[11:38:08] ERROR: Could not sanitize molecule ending on line 75
[11:38:08] ERROR: Can't kekulize mol.  Unkekulized atoms: 1 9 23 25 27
[11:38:09] Explicit valence for atom # 7 N, 4, is greater than permitted
[11:38:09] ERROR: Could not sanitize molecule ending on line 62
[11:38:09] ERROR: Explicit valence for atom # 7 N, 4, is greater than permitted
[11:38:09] Explicit valence for atom # 5 C, 5, is greater than permitted
[11:38:09] ERROR: Could not sanitize molecule ending on line 38
[11:38:09] ERROR: Explicit valence for atom # 5 C, 5, is greater than permitted
[11:38:09] Explicit valence for atom # 10 F, 2, is greater than permitted
[11:38:09] ERROR: Could not sanitize molecule ending on line 28
[11:38:09] ERROR: Explicit valence for atom # 10 F, 2, is greater than permitted
[11:38:09] Explicit valence for atom # 4 C, 5, is greater than permitted
[11:38:09] ERROR: Could not sanitize molecule ending on line 34
[11:38:09] ERROR: Explicit valence for atom # 4 C, 5, is greater than permitted
[11:38:09] Can't kekulize mol.  Unkekulized atoms: 2 3 5 6 14 19 23
[11:38:09] ERROR: Could not sanitize molecule ending on line 57
[11:38:09] ERROR: Can't kekulize mol.  Unkekulized atoms: 2 3 5 6 14 19 23
[11:38:09] Explicit valence for atom # 15 O, 3, is greater than permitted
[11:38:09] ERROR: Could not sanitize molecule ending on line 50
[11:38:09] ERROR: Explicit valence for atom # 15 O, 3, is greater than permitted
[11:38:09] Can't kekulize mol.  Unkekulized atoms: 0 3 4 5 7 8 12
[11:38:09] ERROR: Could not sanitize molecule ending on line 32
[11:38:09] ERROR: Can't kekulize mol.  Unkekulized atoms: 0 3 4 5 7 8 12
[11:38:09] Can't kekulize mol.  Unkekulized atoms: 3 10 12 24 25
[11:38:09] ERROR: Could not sanitize molecule ending on line 80
[11:38:09] ERROR: Can't kekulize mol.  Unkekulized atoms: 3 10 12 24 25
[11:38:09] Can't kekulize mol.  Unkekulized atoms: 1 5 18
[11:38:09] ERROR: Could not sanitize molecule ending on line 51
[11:38:09] ERROR: Can't kekulize mol.  Unkekulized atoms: 1 5 18
[11:38:09] Can't kekulize mol.  Unkekulized atoms: 0 4 5 8 9 13 14 15 17 19 21
[11:38:09] ERROR: Could not sanitize molecule ending on line 55
[11:38:09] ERROR: Can't kekulize mol.  Unkekulized atoms: 0 4 5 8 9 13 14 15 17 19 21
[11:38:09] Explicit valence for atom # 18 N, 4, is greater than permitted
[11:38:09] ERROR: Could not sanitize molecule ending on line 80
[11:38:09] ERROR: Explicit valence for atom # 18 N, 4, is greater than permitted
[11:38:09] Can't kekulize mol.  Unkekulized atoms: 24 25 30 31 35
[11:38:09] ERROR: Could not sanitize molecule ending on line 80
[11:38:09] ERROR: Can't kekulize mol.  Unkekulized atoms: 24 25 30 31 35
[11:38:09] Can't kekulize mol.  Unkekulized atoms: 6 10 12 21 27
[11:38:09] ERROR: Could not sanitize molecule ending on line 63
[11:38:09] ERROR: Can't kekulize mol.  Unkekulized atoms: 6 10 12 21 27
[11:38:09] Explicit valence for atom # 17 O, 3, is greater than permitted
[11:38:09] ERROR: Could not sanitize molecule ending on line 82
[11:38:09] ERROR: Explicit valence for atom # 17 O, 3, is greater than permitted
[11:38:09] Can't kekulize mol.  Unkekulized atoms: 3 7 8 12 13 14 15
[11:38:09] ERROR: Could not sanitize molecule ending on line 50
[11:38:09] ERROR: Can't kekulize mol.  Unkekulized atoms: 3 7 8 12 13 14 15
[11:38:09] Can't kekulize mol.  Unkekulized atoms: 0 1 3 7 12 13 14 24
[11:38:09] ERROR: Could not sanitize molecule ending on line 63
[11:38:09] ERROR: Can't kekulize mol.  Unkekulized atoms: 0 1 3 7 12 13 14 24
[11:38:09] Can't kekulize mol.  Unkekulized atoms: 0 2 3 9 10 11 13 14 17 19 26 28 29 31 32 35
[11:38:09] ERROR: Could not sanitize molecule ending on line 84
[11:38:09] ERROR: Can't kekulize mol.  Unkekulized atoms: 0 2 3 9 10 11 13 14 17 19 26 28 29 31 32 35
[11:38:09] Can't kekulize mol.  Unkekulized atoms: 6 8 17 28 29
[11:38:09] ERROR: Could not sanitize molecule ending on line 86
[11:38:09] ERROR: Can't kekulize mol.  Unkekulized atoms: 6 8 17 28 29
[11:38:09] Can't kekulize mol.  Unkekulized atoms: 12 13 15 29 44
[11:38:09] ERROR: Could not sanitize molecule ending on line 121
[11:38:09] ERROR: Can't kekulize mol.  Unkekulized atoms: 12 13 15 29 44
[11:38:09] Can't kekulize mol.  Unkekulized atoms: 13 19
[11:38:09] ERROR: Could not sanitize molecule ending on line 57
[11:38:09] ERROR: Can't kekulize mol.  Unkekulized atoms: 13 19
[11:38:09] Can't kekulize mol.  Unkekulized atoms: 0 1 2 3 4 6 8 9 13 14 16 17 20 23 24
[11:38:09] ERROR: Could not sanitize molecule ending on line 57
[11:38:09] ERROR: Can't kekulize mol.  Unkekulized atoms: 0 1 2 3 4 6 8 9 13 14 16 17 20 23 24
[11:38:09] Explicit valence for atom # 26 N, 4, is greater than permitted
[11:38:09] ERROR: Could not sanitize molecule ending on line 69
[11:38:09] ERROR: Explicit valence for atom # 26 N, 4, is greater than permitted
[11:38:10] Can't kekulize mol.  Unkekulized atoms: 1 2 3 4 6 7 9 10 11 12 13 14 16 18 19 20 21 23 24 25 26
[11:38:10] ERROR: Could not sanitize molecule ending on line 62
[11:38:10] ERROR: Can't kekulize mol.  Unkekulized atoms: 1 2 3 4 6 7 9 10 11 12 13 14 16 18 19 20 21 23 24 25 26
[11:38:10] Can't kekulize mol.  Unkekulized atoms: 1 7 10 15 18 19 23 28 30 31 32
[11:38:10] ERROR: Could not sanitize molecule ending on line 80
[11:38:10] ERROR: Can't kekulize mol.  Unkekulized atoms: 1 7 10 15 18 19 23 28 30 31 32
[11:38:10] Can't kekulize mol.  Unkekulized atoms: 3 4 5 6 8 22 26 27 31 36
[11:38:10] ERROR: Could not sanitize molecule ending on line 87
[11:38:10] ERROR: Can't kekulize mol.  Unkekulized atoms: 3 4 5 6 8 22 26 27 31 36
[11:38:10] Can't kekulize mol.  Unkekulized atoms: 0 4 7 12 13 15 21 27 28
[11:38:10] ERROR: Could not sanitize molecule ending on line 66
[11:38:10] ERROR: Can't kekulize mol.  Unkekulized atoms: 0 4 7 12 13 15 21 27 28
[11:38:10] Can't kekulize mol.  Unkekulized atoms: 0 1 2 3 4 5 6 7 8 9 11 12 13 14 15 19 20 21 22 23 27 29 30 31 32 34 35
[11:38:10] ERROR: Could not sanitize molecule ending on line 86
[11:38:10] ERROR: Can't kekulize mol.  Unkekulized atoms: 0 1 2 3 4 5 6 7 8 9 11 12 13 14 15 19 20 21 22 23 27 29 30 31 32 34 35
[11:38:10] Explicit valence for atom # 6 C, 5, is greater than permitted
[11:38:10] ERROR: Could not sanitize molecule ending on line 45
[11:38:10] ERROR: Explicit valence for atom # 6 C, 5, is greater than permitted
[11:38:10] Explicit valence for atom # 4 N, 4, is greater than permitted
[11:38:10] ERROR: Could not sanitize molecule ending on line 92
[11:38:10] ERROR: Explicit valence for atom # 4 N, 4, is greater than permitted
[11:38:10] Can't kekulize mol.  Unkekulized atoms: 7 12 13 16 19
[11:38:10] ERROR: Could not sanitize molecule ending on line 79
[11:38:10] ERROR: Can't kekulize mol.  Unkekulized atoms: 7 12 13 16 19
[11:38:10] Can't kekulize mol.  Unkekulized atoms: 3 4 12 16 22 25
[11:38:10] ERROR: Could not sanitize molecule ending on line 60
[11:38:10] ERROR: Can't kekulize mol.  Unkekulized atoms: 3 4 12 16 22 25
[11:38:10] Explicit valence for atom # 0 O, 4, is greater than permitted
[11:38:10] ERROR: Could not sanitize molecule ending on line 78
[11:38:10] ERROR: Explicit valence for atom # 0 O, 4, is greater than permitted
[11:38:10] Explicit valence for atom # 13 C, 5, is greater than permitted
[11:38:10] ERROR: Could not sanitize molecule ending on line 57
[11:38:10] ERROR: Explicit valence for atom # 13 C, 5, is greater than permitted
[11:38:10] Can't kekulize mol.  Unkekulized atoms: 3 7 8 9 13
[11:38:10] ERROR: Could not sanitize molecule ending on line 49
[11:38:10] ERROR: Can't kekulize mol.  Unkekulized atoms: 3 7 8 9 13
[11:38:10] Explicit valence for atom # 18 F, 2, is greater than permitted
[11:38:10] ERROR: Could not sanitize molecule ending on line 119
[11:38:10] ERROR: Explicit valence for atom # 18 F, 2, is greater than permitted
[11:38:10] Can't kekulize mol.  Unkekulized atoms: 3 4 5 8 16
[11:38:10] ERROR: Could not sanitize molecule ending on line 48
[11:38:10] ERROR: Can't kekulize mol.  Unkekulized atoms: 3 4 5 8 16
[11:38:10] Can't kekulize mol.  Unkekulized atoms: 20 28
[11:38:10] ERROR: Could not sanitize molecule ending on line 75
[11:38:10] ERROR: Can't kekulize mol.  Unkekulized atoms: 20 28
[11:38:10] Can't kekulize mol.  Unkekulized atoms: 0 3 6 12 17
[11:38:10] ERROR: Could not sanitize molecule ending on line 53
[11:38:10] ERROR: Can't kekulize mol.  Unkekulized atoms: 0 3 6 12 17
[11:38:10] Can't kekulize mol.  Unkekulized atoms: 1 8 10 11 13 15 16 18 21
[11:38:10] ERROR: Could not sanitize molecule ending on line 53
[11:38:10] ERROR: Can't kekulize mol.  Unkekulized atoms: 1 8 10 11 13 15 16 18 21
[11:38:10] Explicit valence for atom # 9 C, 5, is greater than permitted
[11:38:10] ERROR: Could not sanitize molecule ending on line 46
[11:38:10] ERROR: Explicit valence for atom # 9 C, 5, is greater than permitted
[11:38:10] Can't kekulize mol.  Unkekulized atoms: 9 10 12 13 15 17 18 19 22 24 25
[11:38:10] ERROR: Could not sanitize molecule ending on line 61
[11:38:10] ERROR: Can't kekulize mol.  Unkekulized atoms: 9 10 12 13 15 17 18 19 22 24 25
[11:38:10] Can't kekulize mol.  Unkekulized atoms: 1 4 5 7 8 9 11 12 13 15 16 17 18 20 22 23 25 26 28 30 31 32 33 36 38
[11:38:10] ERROR: Could not sanitize molecule ending on line 89
[11:38:10] ERROR: Can't kekulize mol.  Unkekulized atoms: 1 4 5 7 8 9 11 12 13 15 16 17 18 20 22 23 25 26 28 30 31 32 33 36 38
[11:38:11] Explicit valence for atom # 23 N, 4, is greater than permitted
[11:38:11] ERROR: Could not sanitize molecule ending on line 61
[11:38:11] ERROR: Explicit valence for atom # 23 N, 4, is greater than permitted
[11:38:11] Can't kekulize mol.  Unkekulized atoms: 2 8 13 15 16 17 21
[11:38:11] ERROR: Could not sanitize molecule ending on line 73
[11:38:11] ERROR: Can't kekulize mol.  Unkekulized atoms: 2 8 13 15 16 17 21
[11:38:11] Can't kekulize mol.  Unkekulized atoms: 3 14 19 21 23
[11:38:11] ERROR: Could not sanitize molecule ending on line 58
[11:38:11] ERROR: Can't kekulize mol.  Unkekulized atoms: 3 14 19 21 23
[11:38:11] Can't kekulize mol.  Unkekulized atoms: 0 10 15 21 22
[11:38:11] ERROR: Could not sanitize molecule ending on line 60
[11:38:11] ERROR: Can't kekulize mol.  Unkekulized atoms: 0 10 15 21 22
[11:38:11] Can't kekulize mol.  Unkekulized atoms: 1 3 11 13 28
[11:38:11] ERROR: Could not sanitize molecule ending on line 66
[11:38:11] ERROR: Can't kekulize mol.  Unkekulized atoms: 1 3 11 13 28
[11:38:11] Can't kekulize mol.  Unkekulized atoms: 1 3 4 9 13 14 15 17 19 20
[11:38:11] ERROR: Could not sanitize molecule ending on line 63
[11:38:11] ERROR: Can't kekulize mol.  Unkekulized atoms: 1 3 4 9 13 14 15 17 19 20
[11:38:11] Explicit valence for atom # 9 C, 5, is greater than permitted
[11:38:11] ERROR: Could not sanitize molecule ending on line 70
[11:38:11] ERROR: Explicit valence for atom # 9 C, 5, is greater than permitted
[11:38:11] Explicit valence for atom # 0 O, 3, is greater than permitted
[11:38:11] ERROR: Could not sanitize molecule ending on line 71
[11:38:11] ERROR: Explicit valence for atom # 0 O, 3, is greater than permitted
[11:38:11] Can't kekulize mol.  Unkekulized atoms: 3 9 14 16 17 20 21
[11:38:11] ERROR: Could not sanitize molecule ending on line 53
[11:38:11] ERROR: Can't kekulize mol.  Unkekulized atoms: 3 9 14 16 17 20 21
[11:38:11] Can't kekulize mol.  Unkekulized atoms: 4 5 8 12 14 19 22
[11:38:11] ERROR: Could not sanitize molecule ending on line 65
[11:38:11] ERROR: Can't kekulize mol.  Unkekulized atoms: 4 5 8 12 14 19 22
[11:38:11] Can't kekulize mol.  Unkekulized atoms: 5 14 19
[11:38:11] ERROR: Could not sanitize molecule ending on line 64
[11:38:11] ERROR: Can't kekulize mol.  Unkekulized atoms: 5 14 19
[11:38:11] Can't kekulize mol.  Unkekulized atoms: 3 8 9 13 17
[11:38:11] ERROR: Could not sanitize molecule ending on line 43
[11:38:11] ERROR: Can't kekulize mol.  Unkekulized atoms: 3 8 9 13 17
[11:38:11] Can't kekulize mol.  Unkekulized atoms: 3 4 14 15 19 21 22 23 29
[11:38:11] ERROR: Could not sanitize molecule ending on line 69
[11:38:11] ERROR: Can't kekulize mol.  Unkekulized atoms: 3 4 14 15 19 21 22 23 29
[11:38:11] Can't kekulize mol.  Unkekulized atoms: 7 8 11 22
[11:38:11] ERROR: Could not sanitize molecule ending on line 65
[11:38:11] ERROR: Can't kekulize mol.  Unkekulized atoms: 7 8 11 22
[11:38:11] Can't kekulize mol.  Unkekulized atoms: 1 3 12
[11:38:11] ERROR: Could not sanitize molecule ending on line 32
[11:38:11] ERROR: Can't kekulize mol.  Unkekulized atoms: 1 3 12
[11:38:11] Can't kekulize mol.  Unkekulized atoms: 2 9 11
[11:38:11] ERROR: Could not sanitize molecule ending on line 32
[11:38:11] ERROR: Can't kekulize mol.  Unkekulized atoms: 2 9 11
[11:38:11] Can't kekulize mol.  Unkekulized atoms: 0 1 2 3 5 10 14
[11:38:11] ERROR: Could not sanitize molecule ending on line 37
[11:38:11] ERROR: Can't kekulize mol.  Unkekulized atoms: 0 1 2 3 5 10 14
[11:38:11] Can't kekulize mol.  Unkekulized atoms: 0 1 2 4 6
[11:38:11] ERROR: Could not sanitize molecule ending on line 29
[11:38:11] ERROR: Can't kekulize mol.  Unkekulized atoms: 0 1 2 4 6
[11:38:11] Explicit valence for atom # 26 C, 5, is greater than permitted
[11:38:11] ERROR: Could not sanitize molecule ending on line 62
[11:38:11] ERROR: Explicit valence for atom # 26 C, 5, is greater than permitted
[11:38:11] Explicit valence for atom # 17 Cl, 2, is greater than permitted
[11:38:11] ERROR: Could not sanitize molecule ending on line 60
[11:38:11] ERROR: Explicit valence for atom # 17 Cl, 2, is greater than permitted
[11:38:11] Can't kekulize mol.  Unkekulized atoms: 1 2 7 8 10 11 14
[11:38:11] ERROR: Could not sanitize molecule ending on line 49
[11:38:11] ERROR: Can't kekulize mol.  Unkekulized atoms: 1 2 7 8 10 11 14
[11:38:11] Explicit valence for atom # 13 O, 3, is greater than permitted
[11:38:11] ERROR: Could not sanitize molecule ending on line 54
[11:38:11] ERROR: Explicit valence for atom # 13 O, 3, is greater than permitted
[11:38:11] Explicit valence for atom # 21 O, 3, is greater than permitted
[11:38:11] ERROR: Could not sanitize molecule ending on line 68
[11:38:11] ERROR: Explicit valence for atom # 21 O, 3, is greater than permitted
[11:38:11] DEPRECATION WARNING: please use MorganGenerator
[11:38:11] DEPRECATION WARNING: please use MorganGenerator
[11:38:11] DEPRECATION WARNING: please use MorganGenerator
[11:38:11] DEPRECATION WARNING: please use MorganGenerator
[11:38:11] DEPRECATION WARNING: please use MorganGenerator
[11:38:11] DEPRECATION WARNING: please use MorganGenerator
[11:38:11] DEPRECATION WARNING: please use MorganGenerator
[11:38:11] DEPRECATION WARNING: please use MorganGenerator
[11:38:11] DEPRECATION WARNING: please use MorganGenerator
[11:38:11] DEPRECATION WARNING: please use MorganGenerator
[11:38:11] DEPRECATION WARNING: please use MorganGenerator
[11:38:11] DEPRECATION WARNING: please use MorganGenerator
[11:38:11] DEPRECATION WARNING: please use MorganGenerator
[11:38:11] DEPRECATION WARNING: please use MorganGenerator
[11:38:11] DEPRECATION WARNING: please use MorganGenerator
[11:38:11] DEPRECATION WARNING: please use MorganGenerator
[11:38:11] DEPRECATION WARNING: please use MorganGenerator
[11:38:11] DEPRECATION WARNING: please use MorganGenerator
[11:38:11] DEPRECATION WARNING: please use MorganGenerator
[11:38:11] DEPRECATION WARNING: please use MorganGenerator
[11:38:11] DEPRECATION WARNING: please use MorganGenerator
[11:38:11] DEPRECATION WARNING: please use MorganGenerator
[11:38:11] DEPRECATION WARNING: please use MorganGenerator
[11:38:11] DEPRECATION WARNING: please use MorganGenerator
[11:38:11] DEPRECATION WARNING: please use MorganGenerator
[11:38:11] DEPRECATION WARNING: please use MorganGenerator
[11:38:11] DEPRECATION WARNING: please use MorganGenerator
[11:38:11] DEPRECATION WARNING: please use MorganGenerator
[11:38:11] DEPRECATION WARNING: please use MorganGenerator
[11:38:11] DEPRECATION WARNING: please use MorganGenerator
[11:38:11] DEPRECATION WARNING: please use MorganGenerator
[11:38:11] DEPRECATION WARNING: please use MorganGenerator
[11:38:11] DEPRECATION WARNING: please use MorganGenerator
[11:38:11] DEPRECATION WARNING: please use MorganGenerator
[11:38:11] DEPRECATION WARNING: please use MorganGenerator
[11:38:11] DEPRECATION WARNING: please use MorganGenerator
[11:38:11] DEPRECATION WARNING: please use MorganGenerator
[11:38:11] DEPRECATION WARNING: please use MorganGenerator
[11:38:11] DEPRECATION WARNING: please use MorganGenerator
[11:38:11] DEPRECATION WARNING: please use MorganGenerator
[11:38:11] DEPRECATION WARNING: please use MorganGenerator
[11:38:11] DEPRECATION WARNING: please use MorganGenerator
[11:38:11] DEPRECATION WARNING: please use MorganGenerator
[11:38:11] DEPRECATION WARNING: please use MorganGenerator
[11:38:11] DEPRECATION WARNING: please use MorganGenerator
[11:38:11] DEPRECATION WARNING: please use MorganGenerator
[11:38:11] DEPRECATION WARNING: please use MorganGenerator
[11:38:11] DEPRECATION WARNING: please use MorganGenerator
[11:38:11] DEPRECATION WARNING: please use MorganGenerator
[11:38:11] DEPRECATION WARNING: please use MorganGenerator
[11:38:11] DEPRECATION WARNING: please use MorganGenerator
[11:38:11] DEPRECATION WARNING: please use MorganGenerator
[11:38:11] DEPRECATION WARNING: please use MorganGenerator
[11:38:11] DEPRECATION WARNING: please use MorganGenerator
[11:38:11] DEPRECATION WARNING: please use MorganGenerator
[11:38:11] DEPRECATION WARNING: please use MorganGenerator
[11:38:11] DEPRECATION WARNING: please use MorganGenerator
[11:38:11] DEPRECATION WARNING: please use MorganGenerator
[11:38:11] DEPRECATION WARNING: please use MorganGenerator
[11:38:11] DEPRECATION WARNING: please use MorganGenerator
[11:38:11] DEPRECATION WARNING: please use MorganGenerator
[11:38:11] DEPRECATION WARNING: please use MorganGenerator
[11:38:11] DEPRECATION WARNING: please use MorganGenerator
[11:38:11] DEPRECATION WARNING: please use MorganGenerator
[11:38:11] DEPRECATION WARNING: please use MorganGenerator
[11:38:11] DEPRECATION WARNING: please use MorganGenerator
[11:38:11] DEPRECATION WARNING: please use MorganGenerator
[11:38:11] DEPRECATION WARNING: please use MorganGenerator
[11:38:11] DEPRECATION WARNING: please use MorganGenerator
[11:38:11] DEPRECATION WARNING: please use MorganGenerator
[11:38:11] DEPRECATION WARNING: please use MorganGenerator
[11:38:11] DEPRECATION WARNING: please use MorganGenerator
[11:38:11] DEPRECATION WARNING: please use MorganGenerator
[11:38:11] DEPRECATION WARNING: please use MorganGenerator
[11:38:11] DEPRECATION WARNING: please use MorganGenerator
[11:38:11] DEPRECATION WARNING: please use MorganGenerator
[11:38:11] DEPRECATION WARNING: please use MorganGenerator
[11:38:11] DEPRECATION WARNING: please use MorganGenerator
[11:38:11] DEPRECATION WARNING: please use MorganGenerator
[11:38:11] DEPRECATION WARNING: please use MorganGenerator
[11:38:11] DEPRECATION WARNING: please use MorganGenerator
[11:38:11] DEPRECATION WARNING: please use MorganGenerator
[11:38:11] DEPRECATION WARNING: please use MorganGenerator
[11:38:11] DEPRECATION WARNING: please use MorganGenerator
[11:38:11] DEPRECATION WARNING: please use MorganGenerator
[11:38:11] DEPRECATION WARNING: please use MorganGenerator
[11:38:11] DEPRECATION WARNING: please use MorganGenerator
[11:38:11] DEPRECATION WARNING: please use MorganGenerator
[11:38:11] DEPRECATION WARNING: please use MorganGenerator
[11:38:11] DEPRECATION WARNING: please use MorganGenerator
[11:38:11] DEPRECATION WARNING: please use MorganGenerator
[11:38:11] DEPRECATION WARNING: please use MorganGenerator
[11:38:11] DEPRECATION WARNING: please use MorganGenerator
[11:38:11] DEPRECATION WARNING: please use MorganGenerator
[11:38:11] DEPRECATION WARNING: please use MorganGenerator
[11:38:11] DEPRECATION WARNING: please use MorganGenerator
[11:38:11] DEPRECATION WARNING: please use MorganGenerator
[11:38:11] DEPRECATION WARNING: please use MorganGenerator
[11:38:11] DEPRECATION WARNING: please use MorganGenerator
[11:38:11] DEPRECATION WARNING: please use MorganGenerator
[11:38:11] DEPRECATION WARNING: please use MorganGenerator
[11:38:11] DEPRECATION WARNING: please use MorganGenerator
[11:38:11] DEPRECATION WARNING: please use MorganGenerator
[11:38:11] DEPRECATION WARNING: please use MorganGenerator
[11:38:11] DEPRECATION WARNING: please use MorganGenerator
[11:38:11] DEPRECATION WARNING: please use MorganGenerator
[11:38:11] DEPRECATION WARNING: please use MorganGenerator
[11:38:11] DEPRECATION WARNING: please use MorganGenerator
[11:38:11] DEPRECATION WARNING: please use MorganGenerator
[11:38:11] DEPRECATION WARNING: please use MorganGenerator
[11:38:11] DEPRECATION WARNING: please use MorganGenerator
[11:38:11] DEPRECATION WARNING: please use MorganGenerator
[11:38:11] DEPRECATION WARNING: please use MorganGenerator
[11:38:11] DEPRECATION WARNING: please use MorganGenerator
[11:38:11] DEPRECATION WARNING: please use MorganGenerator
[11:38:11] DEPRECATION WARNING: please use MorganGenerator
[11:38:11] DEPRECATION WARNING: please use MorganGenerator
[11:38:11] DEPRECATION WARNING: please use MorganGenerator
[11:38:11] DEPRECATION WARNING: please use MorganGenerator
[11:38:11] DEPRECATION WARNING: please use MorganGenerator
[11:38:11] DEPRECATION WARNING: please use MorganGenerator
[11:38:11] DEPRECATION WARNING: please use MorganGenerator
[11:38:11] DEPRECATION WARNING: please use MorganGenerator
[11:38:11] DEPRECATION WARNING: please use MorganGenerator
[11:38:11] DEPRECATION WARNING: please use MorganGenerator
[11:38:11] DEPRECATION WARNING: please use MorganGenerator
[11:38:11] DEPRECATION WARNING: please use MorganGenerator
[11:38:11] DEPRECATION WARNING: please use MorganGenerator
[11:38:11] DEPRECATION WARNING: please use MorganGenerator
[11:38:11] DEPRECATION WARNING: please use MorganGenerator
[11:38:11] DEPRECATION WARNING: please use MorganGenerator
[11:38:11] DEPRECATION WARNING: please use MorganGenerator
[11:38:11] DEPRECATION WARNING: please use MorganGenerator
[11:38:11] DEPRECATION WARNING: please use MorganGenerator
[11:38:11] DEPRECATION WARNING: please use MorganGenerator
[11:38:11] DEPRECATION WARNING: please use MorganGenerator
[11:38:11] DEPRECATION WARNING: please use MorganGenerator
[11:38:11] DEPRECATION WARNING: please use MorganGenerator
[11:38:11] DEPRECATION WARNING: please use MorganGenerator
[11:38:11] DEPRECATION WARNING: please use MorganGenerator
[11:38:11] DEPRECATION WARNING: please use MorganGenerator
[11:38:11] DEPRECATION WARNING: please use MorganGenerator
[11:38:11] DEPRECATION WARNING: please use MorganGenerator
[11:38:11] DEPRECATION WARNING: please use MorganGenerator
[11:38:11] DEPRECATION WARNING: please use MorganGenerator
[11:38:11] DEPRECATION WARNING: please use MorganGenerator
[11:38:11] DEPRECATION WARNING: please use MorganGenerator
[11:38:11] DEPRECATION WARNING: please use MorganGenerator
[11:38:11] DEPRECATION WARNING: please use MorganGenerator
[11:38:11] DEPRECATION WARNING: please use MorganGenerator
[11:38:11] DEPRECATION WARNING: please use MorganGenerator
[11:38:11] DEPRECATION WARNING: please use MorganGenerator
[11:38:11] DEPRECATION WARNING: please use MorganGenerator
[11:38:11] DEPRECATION WARNING: please use MorganGenerator
[11:38:11] DEPRECATION WARNING: please use MorganGenerator
[11:38:11] DEPRECATION WARNING: please use MorganGenerator
[11:38:11] DEPRECATION WARNING: please use MorganGenerator
[11:38:11] DEPRECATION WARNING: please use MorganGenerator
[11:38:11] DEPRECATION WARNING: please use MorganGenerator
[11:38:11] DEPRECATION WARNING: please use MorganGenerator
[11:38:11] DEPRECATION WARNING: please use MorganGenerator
[11:38:11] DEPRECATION WARNING: please use MorganGenerator
[11:38:11] DEPRECATION WARNING: please use MorganGenerator
[11:38:11] DEPRECATION WARNING: please use MorganGenerator
[11:38:11] DEPRECATION WARNING: please use MorganGenerator
[11:38:11] DEPRECATION WARNING: please use MorganGenerator
[11:38:11] DEPRECATION WARNING: please use MorganGenerator
[11:38:11] DEPRECATION WARNING: please use MorganGenerator
[11:38:11] DEPRECATION WARNING: please use MorganGenerator
[11:38:11] DEPRECATION WARNING: please use MorganGenerator
[11:38:11] DEPRECATION WARNING: please use MorganGenerator
[11:38:11] DEPRECATION WARNING: please use MorganGenerator
[11:38:11] DEPRECATION WARNING: please use MorganGenerator
[11:38:11] DEPRECATION WARNING: please use MorganGenerator
[11:38:11] DEPRECATION WARNING: please use MorganGenerator
[11:38:11] DEPRECATION WARNING: please use MorganGenerator
[11:38:11] DEPRECATION WARNING: please use MorganGenerator
[11:38:11] DEPRECATION WARNING: please use MorganGenerator
[11:38:11] DEPRECATION WARNING: please use MorganGenerator
[11:38:11] DEPRECATION WARNING: please use MorganGenerator
[11:38:11] DEPRECATION WARNING: please use MorganGenerator
[11:38:11] DEPRECATION WARNING: please use MorganGenerator
[11:38:11] DEPRECATION WARNING: please use MorganGenerator
[11:38:11] DEPRECATION WARNING: please use MorganGenerator
[11:38:11] DEPRECATION WARNING: please use MorganGenerator
[11:38:11] DEPRECATION WARNING: please use MorganGenerator
[11:38:11] DEPRECATION WARNING: please use MorganGenerator
[11:38:11] DEPRECATION WARNING: please use MorganGenerator
[11:38:11] DEPRECATION WARNING: please use MorganGenerator
[11:38:11] DEPRECATION WARNING: please use MorganGenerator
[11:38:11] DEPRECATION WARNING: please use MorganGenerator
[11:38:11] DEPRECATION WARNING: please use MorganGenerator
[11:38:11] DEPRECATION WARNING: please use MorganGenerator
[11:38:11] DEPRECATION WARNING: please use MorganGenerator
[11:38:11] DEPRECATION WARNING: please use MorganGenerator
[11:38:11] DEPRECATION WARNING: please use MorganGenerator
[11:38:11] DEPRECATION WARNING: please use MorganGenerator
[11:38:11] DEPRECATION WARNING: please use MorganGenerator
[11:38:11] DEPRECATION WARNING: please use MorganGenerator
[11:38:11] DEPRECATION WARNING: please use MorganGenerator
[11:38:11] DEPRECATION WARNING: please use MorganGenerator
[11:38:11] DEPRECATION WARNING: please use MorganGenerator
[11:38:11] DEPRECATION WARNING: please use MorganGenerator
[11:38:11] DEPRECATION WARNING: please use MorganGenerator
[11:38:11] DEPRECATION WARNING: please use MorganGenerator
[11:38:11] DEPRECATION WARNING: please use MorganGenerator
[11:38:11] DEPRECATION WARNING: please use MorganGenerator
[11:38:11] DEPRECATION WARNING: please use MorganGenerator
[11:38:11] DEPRECATION WARNING: please use MorganGenerator
[11:38:11] DEPRECATION WARNING: please use MorganGenerator
[11:38:11] DEPRECATION WARNING: please use MorganGenerator
[11:38:11] DEPRECATION WARNING: please use MorganGenerator
[11:38:11] DEPRECATION WARNING: please use MorganGenerator
[11:38:11] DEPRECATION WARNING: please use MorganGenerator
[11:38:11] DEPRECATION WARNING: please use MorganGenerator
[11:38:11] DEPRECATION WARNING: please use MorganGenerator
[11:38:11] DEPRECATION WARNING: please use MorganGenerator
[11:38:11] DEPRECATION WARNING: please use MorganGenerator
[11:38:11] DEPRECATION WARNING: please use MorganGenerator
[11:38:11] DEPRECATION WARNING: please use MorganGenerator
[11:38:11] DEPRECATION WARNING: please use MorganGenerator
[11:38:11] DEPRECATION WARNING: please use MorganGenerator
[11:38:11] DEPRECATION WARNING: please use MorganGenerator
[11:38:11] DEPRECATION WARNING: please use MorganGenerator
[11:38:11] DEPRECATION WARNING: please use MorganGenerator
[11:38:11] DEPRECATION WARNING: please use MorganGenerator
[11:38:11] DEPRECATION WARNING: please use MorganGenerator
[11:38:11] DEPRECATION WARNING: please use MorganGenerator
[11:38:11] DEPRECATION WARNING: please use MorganGenerator
[11:38:11] DEPRECATION WARNING: please use MorganGenerator
[11:38:11] DEPRECATION WARNING: please use MorganGenerator
[11:38:11] DEPRECATION WARNING: please use MorganGenerator
[11:38:11] DEPRECATION WARNING: please use MorganGenerator
[11:38:11] DEPRECATION WARNING: please use MorganGenerator
[11:38:11] DEPRECATION WARNING: please use MorganGenerator
[11:38:11] DEPRECATION WARNING: please use MorganGenerator
[11:38:11] DEPRECATION WARNING: please use MorganGenerator
[11:38:11] DEPRECATION WARNING: please use MorganGenerator
[11:38:11] DEPRECATION WARNING: please use MorganGenerator
[11:38:11] DEPRECATION WARNING: please use MorganGenerator
[11:38:11] DEPRECATION WARNING: please use MorganGenerator
[11:38:11] DEPRECATION WARNING: please use MorganGenerator
[11:38:11] DEPRECATION WARNING: please use MorganGenerator
[11:38:11] DEPRECATION WARNING: please use MorganGenerator
[11:38:11] DEPRECATION WARNING: please use MorganGenerator
[11:38:11] DEPRECATION WARNING: please use MorganGenerator
[11:38:11] DEPRECATION WARNING: please use MorganGenerator
[11:38:11] DEPRECATION WARNING: please use MorganGenerator
[11:38:11] DEPRECATION WARNING: please use MorganGenerator
[11:38:11] DEPRECATION WARNING: please use MorganGenerator
[11:38:11] DEPRECATION WARNING: please use MorganGenerator
[11:38:11] DEPRECATION WARNING: please use MorganGenerator
[11:38:11] DEPRECATION WARNING: please use MorganGenerator
[11:38:11] DEPRECATION WARNING: please use MorganGenerator
[11:38:11] DEPRECATION WARNING: please use MorganGenerator
[11:38:11] DEPRECATION WARNING: please use MorganGenerator
[11:38:11] DEPRECATION WARNING: please use MorganGenerator
[11:38:11] DEPRECATION WARNING: please use MorganGenerator
[11:38:11] DEPRECATION WARNING: please use MorganGenerator
[11:38:11] DEPRECATION WARNING: please use MorganGenerator
[11:38:11] DEPRECATION WARNING: please use MorganGenerator
[11:38:11] DEPRECATION WARNING: please use MorganGenerator
[11:38:11] DEPRECATION WARNING: please use MorganGenerator
[11:38:11] DEPRECATION WARNING: please use MorganGenerator
[11:38:11] DEPRECATION WARNING: please use MorganGenerator
[11:38:11] DEPRECATION WARNING: please use MorganGenerator
[11:38:11] DEPRECATION WARNING: please use MorganGenerator
[11:38:11] DEPRECATION WARNING: please use MorganGenerator
[11:38:11] DEPRECATION WARNING: please use MorganGenerator
[11:38:11] DEPRECATION WARNING: please use MorganGenerator
[11:38:11] DEPRECATION WARNING: please use MorganGenerator
[11:38:11] DEPRECATION WARNING: please use MorganGenerator
[11:38:11] DEPRECATION WARNING: please use MorganGenerator
[11:38:11] DEPRECATION WARNING: please use MorganGenerator
[11:38:11] DEPRECATION WARNING: please use MorganGenerator
[11:38:11] DEPRECATION WARNING: please use MorganGenerator
[11:38:11] DEPRECATION WARNING: please use MorganGenerator
[11:38:11] DEPRECATION WARNING: please use MorganGenerator
[11:38:11] DEPRECATION WARNING: please use MorganGenerator
[11:38:11] DEPRECATION WARNING: please use MorganGenerator
[11:38:11] DEPRECATION WARNING: please use MorganGenerator
[11:38:11] DEPRECATION WARNING: please use MorganGenerator
[11:38:11] DEPRECATION WARNING: please use MorganGenerator
[11:38:11] DEPRECATION WARNING: please use MorganGenerator
[11:38:11] DEPRECATION WARNING: please use MorganGenerator
[11:38:11] DEPRECATION WARNING: please use MorganGenerator
[11:38:11] DEPRECATION WARNING: please use MorganGenerator
[11:38:11] DEPRECATION WARNING: please use MorganGenerator
[11:38:11] DEPRECATION WARNING: please use MorganGenerator
[11:38:11] DEPRECATION WARNING: please use MorganGenerator
[11:38:11] DEPRECATION WARNING: please use MorganGenerator
[11:38:11] DEPRECATION WARNING: please use MorganGenerator
[11:38:11] DEPRECATION WARNING: please use MorganGenerator
[11:38:11] DEPRECATION WARNING: please use MorganGenerator
[11:38:11] DEPRECATION WARNING: please use MorganGenerator
[11:38:11] DEPRECATION WARNING: please use MorganGenerator
[11:38:11] DEPRECATION WARNING: please use MorganGenerator
[11:38:11] DEPRECATION WARNING: please use MorganGenerator
[11:38:11] DEPRECATION WARNING: please use MorganGenerator
[11:38:11] DEPRECATION WARNING: please use MorganGenerator
[11:38:11] DEPRECATION WARNING: please use MorganGenerator
[11:38:11] DEPRECATION WARNING: please use MorganGenerator
[11:38:11] DEPRECATION WARNING: please use MorganGenerator
[11:38:11] DEPRECATION WARNING: please use MorganGenerator
[11:38:11] DEPRECATION WARNING: please use MorganGenerator
[11:38:11] DEPRECATION WARNING: please use MorganGenerator
[11:38:11] DEPRECATION WARNING: please use MorganGenerator
[11:38:11] DEPRECATION WARNING: please use MorganGenerator
[11:38:11] DEPRECATION WARNING: please use MorganGenerator
[11:38:11] DEPRECATION WARNING: please use MorganGenerator
[11:38:11] DEPRECATION WARNING: please use MorganGenerator
[11:38:11] DEPRECATION WARNING: please use MorganGenerator
[11:38:11] DEPRECATION WARNING: please use MorganGenerator
[11:38:11] DEPRECATION WARNING: please use MorganGenerator
[11:38:11] DEPRECATION WARNING: please use MorganGenerator
[11:38:11] DEPRECATION WARNING: please use MorganGenerator
[11:38:11] DEPRECATION WARNING: please use MorganGenerator
[11:38:11] DEPRECATION WARNING: please use MorganGenerator
[11:38:11] DEPRECATION WARNING: please use MorganGenerator
[11:38:11] DEPRECATION WARNING: please use MorganGenerator
[11:38:11] DEPRECATION WARNING: please use MorganGenerator
[11:38:11] DEPRECATION WARNING: please use MorganGenerator
[11:38:11] DEPRECATION WARNING: please use MorganGenerator
[11:38:11] DEPRECATION WARNING: please use MorganGenerator
[11:38:11] DEPRECATION WARNING: please use MorganGenerator
[11:38:11] DEPRECATION WARNING: please use MorganGenerator
[11:38:11] DEPRECATION WARNING: please use MorganGenerator
[11:38:11] DEPRECATION WARNING: please use MorganGenerator
[11:38:11] DEPRECATION WARNING: please use MorganGenerator
[11:38:11] DEPRECATION WARNING: please use MorganGenerator
[11:38:11] DEPRECATION WARNING: please use MorganGenerator
[11:38:11] DEPRECATION WARNING: please use MorganGenerator
[11:38:11] DEPRECATION WARNING: please use MorganGenerator
[11:38:11] DEPRECATION WARNING: please use MorganGenerator
[11:38:11] DEPRECATION WARNING: please use MorganGenerator
[11:38:11] DEPRECATION WARNING: please use MorganGenerator
[11:38:11] DEPRECATION WARNING: please use MorganGenerator
[11:38:11] DEPRECATION WARNING: please use MorganGenerator
[11:38:11] DEPRECATION WARNING: please use MorganGenerator
[11:38:11] DEPRECATION WARNING: please use MorganGenerator
[11:38:11] DEPRECATION WARNING: please use MorganGenerator
[11:38:11] DEPRECATION WARNING: please use MorganGenerator
[11:38:11] DEPRECATION WARNING: please use MorganGenerator
[11:38:11] DEPRECATION WARNING: please use MorganGenerator
[11:38:11] DEPRECATION WARNING: please use MorganGenerator
[11:38:11] DEPRECATION WARNING: please use MorganGenerator
[11:38:11] DEPRECATION WARNING: please use MorganGenerator
[11:38:11] DEPRECATION WARNING: please use MorganGenerator
[11:38:11] DEPRECATION WARNING: please use MorganGenerator
[11:38:11] DEPRECATION WARNING: please use MorganGenerator
[11:38:11] DEPRECATION WARNING: please use MorganGenerator
[11:38:11] DEPRECATION WARNING: please use MorganGenerator
[11:38:11] DEPRECATION WARNING: please use MorganGenerator
[11:38:11] DEPRECATION WARNING: please use MorganGenerator
[11:38:11] DEPRECATION WARNING: please use MorganGenerator
[11:38:11] DEPRECATION WARNING: please use MorganGenerator
[11:38:11] DEPRECATION WARNING: please use MorganGenerator
[11:38:11] DEPRECATION WARNING: please use MorganGenerator
[11:38:11] DEPRECATION WARNING: please use MorganGenerator
[11:38:11] DEPRECATION WARNING: please use MorganGenerator
[11:38:11] DEPRECATION WARNING: please use MorganGenerator
[11:38:11] DEPRECATION WARNING: please use MorganGenerator
[11:38:11] DEPRECATION WARNING: please use MorganGenerator
[11:38:11] DEPRECATION WARNING: please use MorganGenerator
[11:38:11] DEPRECATION WARNING: please use MorganGenerator
[11:38:11] DEPRECATION WARNING: please use MorganGenerator
[11:38:11] DEPRECATION WARNING: please use MorganGenerator
[11:38:11] DEPRECATION WARNING: please use MorganGenerator
[11:38:11] DEPRECATION WARNING: please use MorganGenerator
[11:38:11] DEPRECATION WARNING: please use MorganGenerator
[11:38:11] DEPRECATION WARNING: please use MorganGenerator
[11:38:11] DEPRECATION WARNING: please use MorganGenerator
[11:38:11] DEPRECATION WARNING: please use MorganGenerator
[11:38:11] DEPRECATION WARNING: please use MorganGenerator
[11:38:11] DEPRECATION WARNING: please use MorganGenerator
[11:38:11] DEPRECATION WARNING: please use MorganGenerator
[11:38:11] DEPRECATION WARNING: please use MorganGenerator
[11:38:11] DEPRECATION WARNING: please use MorganGenerator
[11:38:11] DEPRECATION WARNING: please use MorganGenerator
[11:38:11] DEPRECATION WARNING: please use MorganGenerator
[11:38:11] DEPRECATION WARNING: please use MorganGenerator
[11:38:11] DEPRECATION WARNING: please use MorganGenerator
[11:38:11] DEPRECATION WARNING: please use MorganGenerator
[11:38:11] DEPRECATION WARNING: please use MorganGenerator
[11:38:11] DEPRECATION WARNING: please use MorganGenerator
[11:38:11] DEPRECATION WARNING: please use MorganGenerator
[11:38:11] DEPRECATION WARNING: please use MorganGenerator
[11:38:11] DEPRECATION WARNING: please use MorganGenerator
[11:38:11] DEPRECATION WARNING: please use MorganGenerator
[11:38:11] DEPRECATION WARNING: please use MorganGenerator
[11:38:11] DEPRECATION WARNING: please use MorganGenerator
[11:38:11] DEPRECATION WARNING: please use MorganGenerator
[11:38:11] DEPRECATION WARNING: please use MorganGenerator
[11:38:11] DEPRECATION WARNING: please use MorganGenerator
[11:38:11] DEPRECATION WARNING: please use MorganGenerator
[11:38:11] DEPRECATION WARNING: please use MorganGenerator
[11:38:11] DEPRECATION WARNING: please use MorganGenerator
[11:38:11] DEPRECATION WARNING: please use MorganGenerator
[11:38:11] DEPRECATION WARNING: please use MorganGenerator
[11:38:11] DEPRECATION WARNING: please use MorganGenerator
[11:38:11] DEPRECATION WARNING: please use MorganGenerator
[11:38:11] DEPRECATION WARNING: please use MorganGenerator
[11:38:11] DEPRECATION WARNING: please use MorganGenerator
[11:38:11] DEPRECATION WARNING: please use MorganGenerator
[11:38:11] DEPRECATION WARNING: please use MorganGenerator
[11:38:11] DEPRECATION WARNING: please use MorganGenerator
[11:38:11] DEPRECATION WARNING: please use MorganGenerator
[11:38:11] DEPRECATION WARNING: please use MorganGenerator
[11:38:11] DEPRECATION WARNING: please use MorganGenerator
[11:38:11] DEPRECATION WARNING: please use MorganGenerator
[11:38:11] DEPRECATION WARNING: please use MorganGenerator
[11:38:11] DEPRECATION WARNING: please use MorganGenerator
[11:38:11] DEPRECATION WARNING: please use MorganGenerator
[11:38:11] DEPRECATION WARNING: please use MorganGenerator
[11:38:11] DEPRECATION WARNING: please use MorganGenerator
[11:38:11] DEPRECATION WARNING: please use MorganGenerator
[11:38:11] DEPRECATION WARNING: please use MorganGenerator
[11:38:11] DEPRECATION WARNING: please use MorganGenerator
[11:38:11] DEPRECATION WARNING: please use MorganGenerator
[11:38:11] DEPRECATION WARNING: please use MorganGenerator
[11:38:11] DEPRECATION WARNING: please use MorganGenerator
[11:38:11] DEPRECATION WARNING: please use MorganGenerator
[11:38:11] DEPRECATION WARNING: please use MorganGenerator
[11:38:11] DEPRECATION WARNING: please use MorganGenerator
[11:38:11] DEPRECATION WARNING: please use MorganGenerator
[11:38:11] DEPRECATION WARNING: please use MorganGenerator
[11:38:11] DEPRECATION WARNING: please use MorganGenerator
[11:38:11] DEPRECATION WARNING: please use MorganGenerator
[11:38:11] DEPRECATION WARNING: please use MorganGenerator
[11:38:11] DEPRECATION WARNING: please use MorganGenerator
[11:38:11] DEPRECATION WARNING: please use MorganGenerator
[11:38:11] DEPRECATION WARNING: please use MorganGenerator
[11:38:11] DEPRECATION WARNING: please use MorganGenerator
[11:38:11] DEPRECATION WARNING: please use MorganGenerator
[11:38:11] DEPRECATION WARNING: please use MorganGenerator
[11:38:11] DEPRECATION WARNING: please use MorganGenerator
[11:38:11] DEPRECATION WARNING: please use MorganGenerator
[11:38:11] DEPRECATION WARNING: please use MorganGenerator
[11:38:11] DEPRECATION WARNING: please use MorganGenerator
[11:38:11] DEPRECATION WARNING: please use MorganGenerator
[11:38:11] DEPRECATION WARNING: please use MorganGenerator
[11:38:11] DEPRECATION WARNING: please use MorganGenerator
[11:38:11] DEPRECATION WARNING: please use MorganGenerator
[11:38:11] DEPRECATION WARNING: please use MorganGenerator
[11:38:11] DEPRECATION WARNING: please use MorganGenerator
[11:38:11] DEPRECATION WARNING: please use MorganGenerator
[11:38:11] DEPRECATION WARNING: please use MorganGenerator
[11:38:11] DEPRECATION WARNING: please use MorganGenerator
[11:38:11] DEPRECATION WARNING: please use MorganGenerator
[11:38:11] DEPRECATION WARNING: please use MorganGenerator
[11:38:11] DEPRECATION WARNING: please use MorganGenerator
[11:38:11] DEPRECATION WARNING: please use MorganGenerator
[11:38:11] DEPRECATION WARNING: please use MorganGenerator
[11:38:11] DEPRECATION WARNING: please use MorganGenerator
[11:38:11] DEPRECATION WARNING: please use MorganGenerator
[11:38:11] DEPRECATION WARNING: please use MorganGenerator
[11:38:11] DEPRECATION WARNING: please use MorganGenerator
[11:38:11] DEPRECATION WARNING: please use MorganGenerator
[11:38:11] DEPRECATION WARNING: please use MorganGenerator
[11:38:11] DEPRECATION WARNING: please use MorganGenerator
[11:38:11] DEPRECATION WARNING: please use MorganGenerator
[11:38:11] DEPRECATION WARNING: please use MorganGenerator
[11:38:11] DEPRECATION WARNING: please use MorganGenerator
[11:38:11] DEPRECATION WARNING: please use MorganGenerator
[11:38:11] DEPRECATION WARNING: please use MorganGenerator
[11:38:11] DEPRECATION WARNING: please use MorganGenerator
[11:38:11] DEPRECATION WARNING: please use MorganGenerator
[11:38:11] DEPRECATION WARNING: please use MorganGenerator
[11:38:11] DEPRECATION WARNING: please use MorganGenerator
[11:38:11] DEPRECATION WARNING: please use MorganGenerator
[11:38:11] DEPRECATION WARNING: please use MorganGenerator
[11:38:11] DEPRECATION WARNING: please use MorganGenerator
[11:38:11] DEPRECATION WARNING: please use MorganGenerator
[11:38:11] DEPRECATION WARNING: please use MorganGenerator
[11:38:11] DEPRECATION WARNING: please use MorganGenerator
[11:38:11] DEPRECATION WARNING: please use MorganGenerator
[11:38:11] DEPRECATION WARNING: please use MorganGenerator
[11:38:11] DEPRECATION WARNING: please use MorganGenerator
[11:38:11] DEPRECATION WARNING: please use MorganGenerator
[11:38:11] DEPRECATION WARNING: please use MorganGenerator
[11:38:11] DEPRECATION WARNING: please use MorganGenerator
[11:38:11] DEPRECATION WARNING: please use MorganGenerator
[11:38:11] DEPRECATION WARNING: please use MorganGenerator
[11:38:11] DEPRECATION WARNING: please use MorganGenerator
[11:38:11] DEPRECATION WARNING: please use MorganGenerator
[11:38:11] DEPRECATION WARNING: please use MorganGenerator
[11:38:11] DEPRECATION WARNING: please use MorganGenerator
[11:38:11] DEPRECATION WARNING: please use MorganGenerator
[11:38:11] DEPRECATION WARNING: please use MorganGenerator
[11:38:11] DEPRECATION WARNING: please use MorganGenerator
[11:38:11] DEPRECATION WARNING: please use MorganGenerator
[11:38:11] DEPRECATION WARNING: please use MorganGenerator
[11:38:11] DEPRECATION WARNING: please use MorganGenerator
[11:38:11] DEPRECATION WARNING: please use MorganGenerator
[11:38:11] DEPRECATION WARNING: please use MorganGenerator
[11:38:11] DEPRECATION WARNING: please use MorganGenerator
[11:38:11] DEPRECATION WARNING: please use MorganGenerator
[11:38:11] DEPRECATION WARNING: please use MorganGenerator
[11:38:11] DEPRECATION WARNING: please use MorganGenerator
[11:38:11] DEPRECATION WARNING: please use MorganGenerator
[11:38:11] DEPRECATION WARNING: please use MorganGenerator
[11:38:11] DEPRECATION WARNING: please use MorganGenerator
[11:38:11] DEPRECATION WARNING: please use MorganGenerator
[11:38:11] DEPRECATION WARNING: please use MorganGenerator
[11:38:11] DEPRECATION WARNING: please use MorganGenerator
[11:38:11] DEPRECATION WARNING: please use MorganGenerator
[11:38:11] DEPRECATION WARNING: please use MorganGenerator
[11:38:11] DEPRECATION WARNING: please use MorganGenerator
[11:38:11] DEPRECATION WARNING: please use MorganGenerator
[11:38:11] DEPRECATION WARNING: please use MorganGenerator
[11:38:11] DEPRECATION WARNING: please use MorganGenerator
[11:38:11] DEPRECATION WARNING: please use MorganGenerator
[11:38:11] DEPRECATION WARNING: please use MorganGenerator
[11:38:11] DEPRECATION WARNING: please use MorganGenerator
[11:38:11] DEPRECATION WARNING: please use MorganGenerator
[11:38:11] DEPRECATION WARNING: please use MorganGenerator
[11:38:11] DEPRECATION WARNING: please use MorganGenerator
[11:38:11] DEPRECATION WARNING: please use MorganGenerator
[11:38:11] DEPRECATION WARNING: please use MorganGenerator
[11:38:11] DEPRECATION WARNING: please use MorganGenerator
[11:38:11] DEPRECATION WARNING: please use MorganGenerator
[11:38:11] DEPRECATION WARNING: please use MorganGenerator
[11:38:11] DEPRECATION WARNING: please use MorganGenerator
[11:38:11] DEPRECATION WARNING: please use MorganGenerator
[11:38:11] DEPRECATION WARNING: please use MorganGenerator
[11:38:11] DEPRECATION WARNING: please use MorganGenerator
[11:38:11] DEPRECATION WARNING: please use MorganGenerator
[11:38:11] DEPRECATION WARNING: please use MorganGenerator
[11:38:11] DEPRECATION WARNING: please use MorganGenerator
[11:38:11] DEPRECATION WARNING: please use MorganGenerator
[11:38:11] DEPRECATION WARNING: please use MorganGenerator
[11:38:11] DEPRECATION WARNING: please use MorganGenerator
[11:38:11] DEPRECATION WARNING: please use MorganGenerator
[11:38:11] DEPRECATION WARNING: please use MorganGenerator
[11:38:11] DEPRECATION WARNING: please use MorganGenerator
[11:38:11] DEPRECATION WARNING: please use MorganGenerator
[11:38:11] DEPRECATION WARNING: please use MorganGenerator
[11:38:11] DEPRECATION WARNING: please use MorganGenerator
[11:38:11] DEPRECATION WARNING: please use MorganGenerator
[11:38:11] DEPRECATION WARNING: please use MorganGenerator
[11:38:11] DEPRECATION WARNING: please use MorganGenerator
[11:38:11] DEPRECATION WARNING: please use MorganGenerator
[11:38:11] DEPRECATION WARNING: please use MorganGenerator
[11:38:11] DEPRECATION WARNING: please use MorganGenerator
[11:38:11] DEPRECATION WARNING: please use MorganGenerator
[11:38:11] DEPRECATION WARNING: please use MorganGenerator
[11:38:11] DEPRECATION WARNING: please use MorganGenerator
[11:38:11] DEPRECATION WARNING: please use MorganGenerator
[11:38:11] DEPRECATION WARNING: please use MorganGenerator
[11:38:11] DEPRECATION WARNING: please use MorganGenerator
[11:38:11] DEPRECATION WARNING: please use MorganGenerator
[11:38:11] DEPRECATION WARNING: please use MorganGenerator
[11:38:11] DEPRECATION WARNING: please use MorganGenerator
[11:38:11] DEPRECATION WARNING: please use MorganGenerator
[11:38:11] DEPRECATION WARNING: please use MorganGenerator
[11:38:11] DEPRECATION WARNING: please use MorganGenerator
[11:38:11] DEPRECATION WARNING: please use MorganGenerator
[11:38:11] DEPRECATION WARNING: please use MorganGenerator
[11:38:11] DEPRECATION WARNING: please use MorganGenerator
[11:38:11] DEPRECATION WARNING: please use MorganGenerator
[11:38:11] DEPRECATION WARNING: please use MorganGenerator
[11:38:11] DEPRECATION WARNING: please use MorganGenerator
[11:38:11] DEPRECATION WARNING: please use MorganGenerator
[11:38:11] DEPRECATION WARNING: please use MorganGenerator
[11:38:11] DEPRECATION WARNING: please use MorganGenerator
[11:38:11] DEPRECATION WARNING: please use MorganGenerator
[11:38:11] DEPRECATION WARNING: please use MorganGenerator
[11:38:11] DEPRECATION WARNING: please use MorganGenerator
[11:38:11] DEPRECATION WARNING: please use MorganGenerator
[11:38:11] DEPRECATION WARNING: please use MorganGenerator
[11:38:11] DEPRECATION WARNING: please use MorganGenerator
[11:38:11] DEPRECATION WARNING: please use MorganGenerator
[11:38:11] DEPRECATION WARNING: please use MorganGenerator
[11:38:11] DEPRECATION WARNING: please use MorganGenerator
[11:38:11] DEPRECATION WARNING: please use MorganGenerator
[11:38:11] DEPRECATION WARNING: please use MorganGenerator
[11:38:11] DEPRECATION WARNING: please use MorganGenerator
[11:38:11] DEPRECATION WARNING: please use MorganGenerator
[11:38:11] DEPRECATION WARNING: please use MorganGenerator
[11:38:11] DEPRECATION WARNING: please use MorganGenerator
[11:38:11] DEPRECATION WARNING: please use MorganGenerator
[11:38:11] DEPRECATION WARNING: please use MorganGenerator
[11:38:11] DEPRECATION WARNING: please use MorganGenerator
[11:38:11] DEPRECATION WARNING: please use MorganGenerator
[11:38:11] DEPRECATION WARNING: please use MorganGenerator
[11:38:11] DEPRECATION WARNING: please use MorganGenerator
[11:38:11] DEPRECATION WARNING: please use MorganGenerator
[11:38:11] DEPRECATION WARNING: please use MorganGenerator
[11:38:11] DEPRECATION WARNING: please use MorganGenerator
[11:38:11] DEPRECATION WARNING: please use MorganGenerator
[11:38:11] DEPRECATION WARNING: please use MorganGenerator
[11:38:11] DEPRECATION WARNING: please use MorganGenerator
[11:38:11] DEPRECATION WARNING: please use MorganGenerator
[11:38:11] DEPRECATION WARNING: please use MorganGenerator
[11:38:11] DEPRECATION WARNING: please use MorganGenerator
[11:38:11] DEPRECATION WARNING: please use MorganGenerator
[11:38:11] DEPRECATION WARNING: please use MorganGenerator
[11:38:11] DEPRECATION WARNING: please use MorganGenerator
[11:38:11] DEPRECATION WARNING: please use MorganGenerator
[11:38:11] DEPRECATION WARNING: please use MorganGenerator
[11:38:11] DEPRECATION WARNING: please use MorganGenerator
[11:38:11] DEPRECATION WARNING: please use MorganGenerator
[11:38:11] DEPRECATION WARNING: please use MorganGenerator
[11:38:11] DEPRECATION WARNING: please use MorganGenerator
[11:38:11] DEPRECATION WARNING: please use MorganGenerator
[11:38:11] DEPRECATION WARNING: please use MorganGenerator
[11:38:11] DEPRECATION WARNING: please use MorganGenerator
[11:38:11] DEPRECATION WARNING: please use MorganGenerator
[11:38:11] DEPRECATION WARNING: please use MorganGenerator
[11:38:11] DEPRECATION WARNING: please use MorganGenerator
[11:38:11] DEPRECATION WARNING: please use MorganGenerator
[11:38:11] DEPRECATION WARNING: please use MorganGenerator
[11:38:11] DEPRECATION WARNING: please use MorganGenerator
[11:38:11] DEPRECATION WARNING: please use MorganGenerator
[11:38:11] DEPRECATION WARNING: please use MorganGenerator
[11:38:11] DEPRECATION WARNING: please use MorganGenerator
[11:38:11] DEPRECATION WARNING: please use MorganGenerator
[11:38:11] DEPRECATION WARNING: please use MorganGenerator
[11:38:11] DEPRECATION WARNING: please use MorganGenerator
[11:38:11] DEPRECATION WARNING: please use MorganGenerator
[11:38:11] DEPRECATION WARNING: please use MorganGenerator
[11:38:11] DEPRECATION WARNING: please use MorganGenerator
[11:38:11] DEPRECATION WARNING: please use MorganGenerator
[11:38:11] DEPRECATION WARNING: please use MorganGenerator
[11:38:11] DEPRECATION WARNING: please use MorganGenerator
[11:38:11] DEPRECATION WARNING: please use MorganGenerator
[11:38:11] DEPRECATION WARNING: please use MorganGenerator
[11:38:11] DEPRECATION WARNING: please use MorganGenerator
[11:38:11] DEPRECATION WARNING: please use MorganGenerator
[11:38:11] DEPRECATION WARNING: please use MorganGenerator
[11:38:11] DEPRECATION WARNING: please use MorganGenerator
[11:38:11] DEPRECATION WARNING: please use MorganGenerator
[11:38:11] DEPRECATION WARNING: please use MorganGenerator
[11:38:11] DEPRECATION WARNING: please use MorganGenerator
[11:38:11] DEPRECATION WARNING: please use MorganGenerator
[11:38:11] DEPRECATION WARNING: please use MorganGenerator
[11:38:11] DEPRECATION WARNING: please use MorganGenerator
[11:38:11] DEPRECATION WARNING: please use MorganGenerator
[11:38:11] DEPRECATION WARNING: please use MorganGenerator
[11:38:11] DEPRECATION WARNING: please use MorganGenerator
[11:38:11] DEPRECATION WARNING: please use MorganGenerator
[11:38:11] DEPRECATION WARNING: please use MorganGenerator
[11:38:11] DEPRECATION WARNING: please use MorganGenerator
[11:38:11] DEPRECATION WARNING: please use MorganGenerator
[11:38:11] DEPRECATION WARNING: please use MorganGenerator
[11:38:11] DEPRECATION WARNING: please use MorganGenerator
[11:38:11] DEPRECATION WARNING: please use MorganGenerator
[11:38:11] DEPRECATION WARNING: please use MorganGenerator
[11:38:11] DEPRECATION WARNING: please use MorganGenerator
[11:38:11] DEPRECATION WARNING: please use MorganGenerator
[11:38:11] DEPRECATION WARNING: please use MorganGenerator
[11:38:11] DEPRECATION WARNING: please use MorganGenerator
[11:38:11] DEPRECATION WARNING: please use MorganGenerator
[11:38:11] DEPRECATION WARNING: please use MorganGenerator
[11:38:11] DEPRECATION WARNING: please use MorganGenerator
[11:38:11] DEPRECATION WARNING: please use MorganGenerator
[11:38:11] DEPRECATION WARNING: please use MorganGenerator
[11:38:11] DEPRECATION WARNING: please use MorganGenerator
[11:38:11] DEPRECATION WARNING: please use MorganGenerator
[11:38:11] DEPRECATION WARNING: please use MorganGenerator
[11:38:11] DEPRECATION WARNING: please use MorganGenerator
[11:38:11] DEPRECATION WARNING: please use MorganGenerator
[11:38:11] DEPRECATION WARNING: please use MorganGenerator
[11:38:11] DEPRECATION WARNING: please use MorganGenerator
[11:38:11] DEPRECATION WARNING: please use MorganGenerator
[11:38:11] DEPRECATION WARNING: please use MorganGenerator
[11:38:11] DEPRECATION WARNING: please use MorganGenerator
[11:38:11] DEPRECATION WARNING: please use MorganGenerator
[11:38:11] DEPRECATION WARNING: please use MorganGenerator
[11:38:11] DEPRECATION WARNING: please use MorganGenerator
[11:38:11] DEPRECATION WARNING: please use MorganGenerator
[11:38:11] DEPRECATION WARNING: please use MorganGenerator
[11:38:11] DEPRECATION WARNING: please use MorganGenerator
[11:38:11] DEPRECATION WARNING: please use MorganGenerator
[11:38:11] DEPRECATION WARNING: please use MorganGenerator
[11:38:11] DEPRECATION WARNING: please use MorganGenerator
[11:38:11] DEPRECATION WARNING: please use MorganGenerator
[11:38:11] DEPRECATION WARNING: please use MorganGenerator
[11:38:11] DEPRECATION WARNING: please use MorganGenerator
[11:38:11] DEPRECATION WARNING: please use MorganGenerator
[11:38:11] DEPRECATION WARNING: please use MorganGenerator
[11:38:11] DEPRECATION WARNING: please use MorganGenerator
[11:38:11] DEPRECATION WARNING: please use MorganGenerator
[11:38:11] DEPRECATION WARNING: please use MorganGenerator
[11:38:11] DEPRECATION WARNING: please use MorganGenerator
[11:38:11] DEPRECATION WARNING: please use MorganGenerator
[11:38:11] DEPRECATION WARNING: please use MorganGenerator
[11:38:11] DEPRECATION WARNING: please use MorganGenerator
[11:38:11] DEPRECATION WARNING: please use MorganGenerator
[11:38:11] DEPRECATION WARNING: please use MorganGenerator
[11:38:11] DEPRECATION WARNING: please use MorganGenerator
[11:38:11] DEPRECATION WARNING: please use MorganGenerator
[11:38:11] DEPRECATION WARNING: please use MorganGenerator
[11:38:11] DEPRECATION WARNING: please use MorganGenerator
[11:38:11] DEPRECATION WARNING: please use MorganGenerator
[11:38:11] DEPRECATION WARNING: please use MorganGenerator
[11:38:11] DEPRECATION WARNING: please use MorganGenerator
[11:38:11] DEPRECATION WARNING: please use MorganGenerator
[11:38:11] DEPRECATION WARNING: please use MorganGenerator
[11:38:11] DEPRECATION WARNING: please use MorganGenerator
[11:38:11] DEPRECATION WARNING: please use MorganGenerator
[11:38:11] DEPRECATION WARNING: please use MorganGenerator
[11:38:11] DEPRECATION WARNING: please use MorganGenerator
[11:38:11] DEPRECATION WARNING: please use MorganGenerator
[11:38:11] DEPRECATION WARNING: please use MorganGenerator
[11:38:11] DEPRECATION WARNING: please use MorganGenerator
[11:38:11] DEPRECATION WARNING: please use MorganGenerator
[11:38:11] DEPRECATION WARNING: please use MorganGenerator
[11:38:11] DEPRECATION WARNING: please use MorganGenerator
[11:38:11] DEPRECATION WARNING: please use MorganGenerator
[11:38:11] DEPRECATION WARNING: please use MorganGenerator
[11:38:11] DEPRECATION WARNING: please use MorganGenerator
[11:38:11] DEPRECATION WARNING: please use MorganGenerator
[11:38:11] DEPRECATION WARNING: please use MorganGenerator
[11:38:11] DEPRECATION WARNING: please use MorganGenerator
[11:38:11] DEPRECATION WARNING: please use MorganGenerator
[11:38:11] DEPRECATION WARNING: please use MorganGenerator
[11:38:11] DEPRECATION WARNING: please use MorganGenerator
[11:38:11] DEPRECATION WARNING: please use MorganGenerator
[11:38:11] DEPRECATION WARNING: please use MorganGenerator
[11:38:11] DEPRECATION WARNING: please use MorganGenerator
[11:38:11] DEPRECATION WARNING: please use MorganGenerator
[11:38:11] DEPRECATION WARNING: please use MorganGenerator
[11:38:11] DEPRECATION WARNING: please use MorganGenerator
[11:38:11] DEPRECATION WARNING: please use MorganGenerator
[11:38:11] DEPRECATION WARNING: please use MorganGenerator
[11:38:11] DEPRECATION WARNING: please use MorganGenerator
[11:38:11] DEPRECATION WARNING: please use MorganGenerator
[11:38:11] DEPRECATION WARNING: please use MorganGenerator
[11:38:11] DEPRECATION WARNING: please use MorganGenerator
[11:38:11] DEPRECATION WARNING: please use MorganGenerator
[11:38:11] DEPRECATION WARNING: please use MorganGenerator
[11:38:11] DEPRECATION WARNING: please use MorganGenerator
[11:38:11] DEPRECATION WARNING: please use MorganGenerator
[11:38:11] DEPRECATION WARNING: please use MorganGenerator
[11:38:11] DEPRECATION WARNING: please use MorganGenerator
[11:38:11] DEPRECATION WARNING: please use MorganGenerator
[11:38:11] DEPRECATION WARNING: please use MorganGenerator
[11:38:11] DEPRECATION WARNING: please use MorganGenerator
[11:38:11] DEPRECATION WARNING: please use MorganGenerator
[11:38:11] DEPRECATION WARNING: please use MorganGenerator
[11:38:11] DEPRECATION WARNING: please use MorganGenerator
[11:38:11] DEPRECATION WARNING: please use MorganGenerator
[11:38:11] DEPRECATION WARNING: please use MorganGenerator
[11:38:11] DEPRECATION WARNING: please use MorganGenerator
[11:38:11] DEPRECATION WARNING: please use MorganGenerator
[11:38:11] DEPRECATION WARNING: please use MorganGenerator
[11:38:11] DEPRECATION WARNING: please use MorganGenerator
[11:38:11] DEPRECATION WARNING: please use MorganGenerator
[11:38:11] DEPRECATION WARNING: please use MorganGenerator
[11:38:11] DEPRECATION WARNING: please use MorganGenerator
[11:38:11] DEPRECATION WARNING: please use MorganGenerator
[11:38:11] DEPRECATION WARNING: please use MorganGenerator
[11:38:11] DEPRECATION WARNING: please use MorganGenerator
[11:38:11] DEPRECATION WARNING: please use MorganGenerator
[11:38:11] DEPRECATION WARNING: please use MorganGenerator
[11:38:11] DEPRECATION WARNING: please use MorganGenerator
[11:38:11] DEPRECATION WARNING: please use MorganGenerator
[11:38:11] DEPRECATION WARNING: please use MorganGenerator
[11:38:11] DEPRECATION WARNING: please use MorganGenerator
[11:38:11] DEPRECATION WARNING: please use MorganGenerator
[11:38:11] DEPRECATION WARNING: please use MorganGenerator
[11:38:11] DEPRECATION WARNING: please use MorganGenerator
[11:38:11] DEPRECATION WARNING: please use MorganGenerator
[11:38:11] DEPRECATION WARNING: please use MorganGenerator
[11:38:11] DEPRECATION WARNING: please use MorganGenerator
[11:38:11] DEPRECATION WARNING: please use MorganGenerator
[11:38:11] DEPRECATION WARNING: please use MorganGenerator
[11:38:11] DEPRECATION WARNING: please use MorganGenerator
[11:38:11] DEPRECATION WARNING: please use MorganGenerator
[11:38:11] DEPRECATION WARNING: please use MorganGenerator
[11:38:11] DEPRECATION WARNING: please use MorganGenerator
[11:38:11] DEPRECATION WARNING: please use MorganGenerator
[11:38:11] DEPRECATION WARNING: please use MorganGenerator
[11:38:11] DEPRECATION WARNING: please use MorganGenerator
[11:38:11] DEPRECATION WARNING: please use MorganGenerator
[11:38:11] DEPRECATION WARNING: please use MorganGenerator
[11:38:11] DEPRECATION WARNING: please use MorganGenerator
[11:38:11] DEPRECATION WARNING: please use MorganGenerator
[11:38:11] DEPRECATION WARNING: please use MorganGenerator
[11:38:11] DEPRECATION WARNING: please use MorganGenerator
[11:38:11] DEPRECATION WARNING: please use MorganGenerator
[11:38:11] DEPRECATION WARNING: please use MorganGenerator
[11:38:11] DEPRECATION WARNING: please use MorganGenerator
[11:38:11] DEPRECATION WARNING: please use MorganGenerator
[11:38:11] DEPRECATION WARNING: please use MorganGenerator
[11:38:11] DEPRECATION WARNING: please use MorganGenerator
[11:38:11] DEPRECATION WARNING: please use MorganGenerator
[11:38:11] DEPRECATION WARNING: please use MorganGenerator
[11:38:11] DEPRECATION WARNING: please use MorganGenerator
[11:38:11] DEPRECATION WARNING: please use MorganGenerator
[11:38:11] DEPRECATION WARNING: please use MorganGenerator
[11:38:11] DEPRECATION WARNING: please use MorganGenerator
[11:38:11] DEPRECATION WARNING: please use MorganGenerator
[11:38:11] DEPRECATION WARNING: please use MorganGenerator
[11:38:11] DEPRECATION WARNING: please use MorganGenerator
[11:38:11] DEPRECATION WARNING: please use MorganGenerator
[11:38:11] DEPRECATION WARNING: please use MorganGenerator
[11:38:11] DEPRECATION WARNING: please use MorganGenerator
[11:38:11] DEPRECATION WARNING: please use MorganGenerator
[11:38:11] DEPRECATION WARNING: please use MorganGenerator
[11:38:11] DEPRECATION WARNING: please use MorganGenerator
[11:38:11] DEPRECATION WARNING: please use MorganGenerator
[11:38:11] DEPRECATION WARNING: please use MorganGenerator
[11:38:11] DEPRECATION WARNING: please use MorganGenerator
[11:38:11] DEPRECATION WARNING: please use MorganGenerator
[11:38:11] DEPRECATION WARNING: please use MorganGenerator
[11:38:11] DEPRECATION WARNING: please use MorganGenerator
[11:38:11] DEPRECATION WARNING: please use MorganGenerator
[11:38:11] DEPRECATION WARNING: please use MorganGenerator
[11:38:11] DEPRECATION WARNING: please use MorganGenerator
[11:38:11] DEPRECATION WARNING: please use MorganGenerator
[11:38:11] DEPRECATION WARNING: please use MorganGenerator
[11:38:11] DEPRECATION WARNING: please use MorganGenerator
[11:38:11] DEPRECATION WARNING: please use MorganGenerator
[11:38:11] DEPRECATION WARNING: please use MorganGenerator
[11:38:11] DEPRECATION WARNING: please use MorganGenerator
[11:38:11] DEPRECATION WARNING: please use MorganGenerator
[11:38:11] DEPRECATION WARNING: please use MorganGenerator
[11:38:11] DEPRECATION WARNING: please use MorganGenerator
[11:38:11] DEPRECATION WARNING: please use MorganGenerator
[11:38:11] DEPRECATION WARNING: please use MorganGenerator
[11:38:11] DEPRECATION WARNING: please use MorganGenerator
[11:38:11] DEPRECATION WARNING: please use MorganGenerator
[11:38:11] DEPRECATION WARNING: please use MorganGenerator
[11:38:11] DEPRECATION WARNING: please use MorganGenerator
[11:38:11] DEPRECATION WARNING: please use MorganGenerator
[11:38:11] DEPRECATION WARNING: please use MorganGenerator
[11:38:11] DEPRECATION WARNING: please use MorganGenerator
[11:38:11] DEPRECATION WARNING: please use MorganGenerator
[11:38:11] DEPRECATION WARNING: please use MorganGenerator
[11:38:11] DEPRECATION WARNING: please use MorganGenerator
[11:38:11] DEPRECATION WARNING: please use MorganGenerator
[11:38:11] DEPRECATION WARNING: please use MorganGenerator
[11:38:11] DEPRECATION WARNING: please use MorganGenerator
[11:38:11] DEPRECATION WARNING: please use MorganGenerator
[11:38:11] DEPRECATION WARNING: please use MorganGenerator
[11:38:11] DEPRECATION WARNING: please use MorganGenerator
[11:38:11] DEPRECATION WARNING: please use MorganGenerator
[11:38:11] DEPRECATION WARNING: please use MorganGenerator
[11:38:11] DEPRECATION WARNING: please use MorganGenerator
[11:38:11] DEPRECATION WARNING: please use MorganGenerator
[11:38:11] DEPRECATION WARNING: please use MorganGenerator
[11:38:11] DEPRECATION WARNING: please use MorganGenerator
[11:38:11] DEPRECATION WARNING: please use MorganGenerator
[11:38:11] DEPRECATION WARNING: please use MorganGenerator
[11:38:11] DEPRECATION WARNING: please use MorganGenerator
[11:38:11] DEPRECATION WARNING: please use MorganGenerator
[11:38:11] DEPRECATION WARNING: please use MorganGenerator
[11:38:11] DEPRECATION WARNING: please use MorganGenerator
[11:38:11] DEPRECATION WARNING: please use MorganGenerator
[11:38:11] DEPRECATION WARNING: please use MorganGenerator
[11:38:11] DEPRECATION WARNING: please use MorganGenerator
[11:38:11] DEPRECATION WARNING: please use MorganGenerator
[11:38:11] DEPRECATION WARNING: please use MorganGenerator
[11:38:11] DEPRECATION WARNING: please use MorganGenerator
[11:38:11] DEPRECATION WARNING: please use MorganGenerator
[11:38:11] DEPRECATION WARNING: please use MorganGenerator
[11:38:11] DEPRECATION WARNING: please use MorganGenerator
[11:38:11] DEPRECATION WARNING: please use MorganGenerator
[11:38:11] DEPRECATION WARNING: please use MorganGenerator
[11:38:11] DEPRECATION WARNING: please use MorganGenerator
[11:38:11] DEPRECATION WARNING: please use MorganGenerator
[11:38:11] DEPRECATION WARNING: please use MorganGenerator
[11:38:11] DEPRECATION WARNING: please use MorganGenerator
[11:38:11] DEPRECATION WARNING: please use MorganGenerator
[11:38:11] DEPRECATION WARNING: please use MorganGenerator
[11:38:11] DEPRECATION WARNING: please use MorganGenerator
[11:38:11] DEPRECATION WARNING: please use MorganGenerator
[11:38:11] DEPRECATION WARNING: please use MorganGenerator
[11:38:11] DEPRECATION WARNING: please use MorganGenerator
[11:38:11] DEPRECATION WARNING: please use MorganGenerator
Loading molecules...
Loaded 872 molecules

======================================================================
Drift Analysis Summary
======================================================================

  Near (< 5Å):
    Molecules: 832 (95.4%)
    QED:        0.545 ± 0.211
    Tanimoto:   0.912
    Mean Dist:  2.24 ± 1.18 Å

  Mid (5-10Å):
    Molecules: 40 (4.6%)
    QED:        0.624 ± 0.188
    Tanimoto:   0.886
    Mean Dist:  5.70 ± 0.55 Å

  Far (> 10Å):
    Molecules: 0 (0.0%)

Results saved to ./output/results/drift_analysis.csv
