Processing 100 pocket directories...
MaxMin selection:   0%|          | 0/100 [00:00<?, ?it/s][11:36:57] Can't kekulize mol.  Unkekulized atoms: 6 9 12 19 20
[11:36:57] ERROR: Could not sanitize molecule ending on line 50
[11:36:57] ERROR: Can't kekulize mol.  Unkekulized atoms: 6 9 12 19 20
[11:36:57] Can't kekulize mol.  Unkekulized atoms: 0 1 3 4 6 16 17 18 19 20 21
[11:36:57] ERROR: Could not sanitize molecule ending on line 53
[11:36:57] ERROR: Can't kekulize mol.  Unkekulized atoms: 0 1 3 4 6 16 17 18 19 20 21
[11:36:57] Can't kekulize mol.  Unkekulized atoms: 4 7 11 12 13 18 24
[11:36:57] ERROR: Could not sanitize molecule ending on line 65
[11:36:57] ERROR: Can't kekulize mol.  Unkekulized atoms: 4 7 11 12 13 18 24
[11:36:57] Can't kekulize mol.  Unkekulized atoms: 0 2 4 5 8 9 10 12 13 16 18
[11:36:57] ERROR: Could not sanitize molecule ending on line 48
[11:36:57] ERROR: Can't kekulize mol.  Unkekulized atoms: 0 2 4 5 8 9 10 12 13 16 18
[11:36:57] DEPRECATION WARNING: please use MorganGenerator
[11:36:57] DEPRECATION WARNING: please use MorganGenerator
[11:36:57] DEPRECATION WARNING: please use MorganGenerator
[11:36:57] DEPRECATION WARNING: please use MorganGenerator
[11:36:57] DEPRECATION WARNING: please use MorganGenerator
[11:36:57] DEPRECATION WARNING: please use MorganGenerator
[11:36:57] DEPRECATION WARNING: please use MorganGenerator
[11:36:57] DEPRECATION WARNING: please use MorganGenerator
[11:36:57] DEPRECATION WARNING: please use MorganGenerator
[11:36:57] DEPRECATION WARNING: please use MorganGenerator
[11:36:57] DEPRECATION WARNING: please use MorganGenerator
[11:36:57] DEPRECATION WARNING: please use MorganGenerator
[11:36:57] DEPRECATION WARNING: please use MorganGenerator
[11:36:57] DEPRECATION WARNING: please use MorganGenerator
[11:36:57] DEPRECATION WARNING: please use MorganGenerator
[11:36:57] DEPRECATION WARNING: please use MorganGenerator
[11:36:57] DEPRECATION WARNING: please use MorganGenerator
[11:36:57] DEPRECATION WARNING: please use MorganGenerator
[11:36:57] DEPRECATION WARNING: please use MorganGenerator
[11:36:57] DEPRECATION WARNING: please use MorganGenerator
[11:36:57] DEPRECATION WARNING: please use MorganGenerator
[11:36:57] DEPRECATION WARNING: please use MorganGenerator
[11:36:57] DEPRECATION WARNING: please use MorganGenerator
[11:36:57] DEPRECATION WARNING: please use MorganGenerator
[11:36:57] DEPRECATION WARNING: please use MorganGenerator
[11:36:57] DEPRECATION WARNING: please use MorganGenerator
[11:36:57] DEPRECATION WARNING: please use MorganGenerator
[11:36:57] DEPRECATION WARNING: please use MorganGenerator
[11:36:57] DEPRECATION WARNING: please use MorganGenerator
[11:36:57] DEPRECATION WARNING: please use MorganGenerator
[11:36:57] DEPRECATION WARNING: please use MorganGenerator
[11:36:57] DEPRECATION WARNING: please use MorganGenerator
[11:36:57] DEPRECATION WARNING: please use MorganGenerator
[11:36:57] DEPRECATION WARNING: please use MorganGenerator
[11:36:57] DEPRECATION WARNING: please use MorganGenerator
[11:36:57] DEPRECATION WARNING: please use MorganGenerator
[11:36:57] DEPRECATION WARNING: please use MorganGenerator
[11:36:57] DEPRECATION WARNING: please use MorganGenerator
[11:36:57] DEPRECATION WARNING: please use MorganGenerator
[11:36:57] DEPRECATION WARNING: please use MorganGenerator
[11:36:57] DEPRECATION WARNING: please use MorganGenerator
[11:36:57] DEPRECATION WARNING: please use MorganGenerator
[11:36:57] DEPRECATION WARNING: please use MorganGenerator
[11:36:57] DEPRECATION WARNING: please use MorganGenerator
[11:36:57] DEPRECATION WARNING: please use MorganGenerator
[11:36:57] DEPRECATION WARNING: please use MorganGenerator
[11:36:57] DEPRECATION WARNING: please use MorganGenerator
[11:36:57] DEPRECATION WARNING: please use MorganGenerator
[11:36:57] DEPRECATION WARNING: please use MorganGenerator
[11:36:57] DEPRECATION WARNING: please use MorganGenerator
[11:36:57] DEPRECATION WARNING: please use MorganGenerator
[11:36:57] DEPRECATION WARNING: please use MorganGenerator
[11:36:57] DEPRECATION WARNING: please use MorganGenerator
[11:36:57] DEPRECATION WARNING: please use MorganGenerator
[11:36:57] DEPRECATION WARNING: please use MorganGenerator
[11:36:57] DEPRECATION WARNING: please use MorganGenerator
[11:36:57] DEPRECATION WARNING: please use MorganGenerator
[11:36:57] DEPRECATION WARNING: please use MorganGenerator
[11:36:57] DEPRECATION WARNING: please use MorganGenerator
[11:36:57] DEPRECATION WARNING: please use MorganGenerator
[11:36:57] DEPRECATION WARNING: please use MorganGenerator
[11:36:57] DEPRECATION WARNING: please use MorganGenerator
[11:36:57] DEPRECATION WARNING: please use MorganGenerator
[11:36:57] DEPRECATION WARNING: please use MorganGenerator
[11:36:57] DEPRECATION WARNING: please use MorganGenerator
[11:36:57] DEPRECATION WARNING: please use MorganGenerator
[11:36:57] DEPRECATION WARNING: please use MorganGenerator
[11:36:57] DEPRECATION WARNING: please use MorganGenerator
[11:36:57] DEPRECATION WARNING: please use MorganGenerator
[11:36:57] DEPRECATION WARNING: please use MorganGenerator
[11:36:57] DEPRECATION WARNING: please use MorganGenerator
[11:36:57] DEPRECATION WARNING: please use MorganGenerator
[11:36:57] DEPRECATION WARNING: please use MorganGenerator
[11:36:57] DEPRECATION WARNING: please use MorganGenerator
[11:36:57] DEPRECATION WARNING: please use MorganGenerator
[11:36:57] DEPRECATION WARNING: please use MorganGenerator
[11:36:57] DEPRECATION WARNING: please use MorganGenerator
[11:36:57] DEPRECATION WARNING: please use MorganGenerator
[11:36:57] DEPRECATION WARNING: please use MorganGenerator
[11:36:57] DEPRECATION WARNING: please use MorganGenerator
[11:36:57] DEPRECATION WARNING: please use MorganGenerator
[11:36:57] DEPRECATION WARNING: please use MorganGenerator
[11:36:57] DEPRECATION WARNING: please use MorganGenerator
[11:36:57] DEPRECATION WARNING: please use MorganGenerator
[11:36:57] DEPRECATION WARNING: please use MorganGenerator
[11:36:57] DEPRECATION WARNING: please use MorganGenerator
[11:36:57] DEPRECATION WARNING: please use MorganGenerator
[11:36:57] DEPRECATION WARNING: please use MorganGenerator
[11:36:57] DEPRECATION WARNING: please use MorganGenerator
[11:36:57] DEPRECATION WARNING: please use MorganGenerator
[11:36:57] DEPRECATION WARNING: please use MorganGenerator
[11:36:57] DEPRECATION WARNING: please use MorganGenerator
MaxMin selection:   0%|          | 0/100 [00:00<?, ?it/s]
Traceback (most recent call last):
  File "/root/SVFlow/scripts/run_maxmin.py", line 202, in <module>
    main()
  File "/root/SVFlow/scripts/run_maxmin.py", line 157, in main
    selected_indices, selected_mols = maxmin_select(mols, k=args.k)
                                      ^^^^^^^^^^^^^^^^^^^^^^^^^^^^^
  File "/root/SVFlow/scripts/run_maxmin.py", line 90, in maxmin_select
    selected_fp_indices = picker.LazyBitVectorPick(
                          ^^^^^^^^^^^^^^^^^^^^^^^^^
TypeError: 'function' object is not subscriptable
